 SQLiteWinRTFS

 Timestamp is 595538e0 (Thu Jun 29 11:29:04 2017)

 Preferred load address is 10000000

 Start         Length     Name                   Class
 0001:00000000 0003cf6dH .textbss                DATA
 0002:00000000 00008c0aH .text$di                CODE
 0002:00008c10 00073450H .text$mn                CODE
 0002:0007c060 0000a0e0H .text$x                 CODE
 0002:00086140 00001160H .text$yd                CODE
 0003:00000000 00000104H .CRT$XCA                DATA
 0003:00000104 00000104H .CRT$XCL                DATA
 0003:00000208 00000139H .CRT$XCU                DATA
 0003:00000344 00000104H .CRT$XCZ                DATA
 0003:00000448 00000104H .CRT$XIA                DATA
 0003:0000054c 00000104H .CRT$XIAA               DATA
 0003:00000650 00000104H .CRT$XIC                DATA
 0003:00000754 00000104H .CRT$XIY                DATA
 0003:00000858 00000104H .CRT$XIZ                DATA
 0003:00000960 000062beH .rdata                  DATA
 0003:00006c20 000001a8H .rdata$debug            DATA
 0003:00006dc8 000047b7H .rdata$r                DATA
 0003:0000b580 00000104H .rtc$IAA                DATA
 0003:0000b684 00000126H .rtc$IMZ                DATA
 0003:0000b7ac 00000104H .rtc$IZZ                DATA
 0003:0000b8b0 00000104H .rtc$TAA                DATA
 0003:0000b9b4 00000126H .rtc$TMZ                DATA
 0003:0000badc 00000104H .rtc$TZZ                DATA
 0003:0000bbe0 00008d12H .xdata$x                DATA
 0003:00014900 0000018dH .edata                  DATA
 0004:00000000 00001b29H .data                   DATA
 0004:00001b30 00004996H .data$r                 DATA
 0004:000064c8 000004b0H .bss                    DATA
 0005:00000000 00000558H .idata$5                DATA
 0005:00000558 000000b4H .idata$2                DATA
 0005:0000060c 00000014H .idata$3                DATA
 0005:00000620 00000558H .idata$4                DATA
 0005:00000b78 0000236bH .idata$6                DATA
 0006:00000000 00000104H minATL$__a              DATA
 0006:00000104 00000104H minATL$__m              DATA
 0006:00000208 00000104H minATL$__r              DATA
 0006:0000030c 00000104H minATL$__z              DATA

  Address         Publics by Value              Rva+Base       Lib:Object

 0000:00000000       ___guard_flags             00000000     <absolute>
 0000:00000000       __except_list              00000000     <absolute>
 0000:00000000       ___guard_fids_table        00000000     <absolute>
 0000:00000000       ___safe_se_handler_count   00000000     <absolute>
 0000:00000000       ___guard_fids_count        00000000     <absolute>
 0000:00000000       ___safe_se_handler_table   00000000     <absolute>
 0000:00009876       __fltused                  00009876     <absolute>
 0000:00009876       __ldused                   00009876     <absolute>
 0000:00000000       ___ImageBase               10000000     <linker-defined>
 0001:00000000       __enc$textbss$begin        10001000     <linker-defined>
 0001:0003cf6d       __enc$textbss$end          1003df6d     <linker-defined>
 0002:00008c10       ?__abi_winrt_cast_use_helper@@YAP$AAVObject@Platform@@_NPAXABU_GUID@@PAU__abi_IUnknown@@@Z 10046c10 f i pch.obj
 0002:00008c80       ??$_Allocate@D@std@@YAPADIPAD@Z 10046c80 f i pch.obj
 0002:00008d10       ??$_Allocate@U_Container_proxy@std@@@std@@YAPAU_Container_proxy@0@IPAU10@@Z 10046d10 f i pch.obj
 0002:00008db0       ??$_Debug_pointer@D@std@@YAXPBDPB_WI@Z 10046db0 f i pch.obj
 0002:00008e20       ??$addressof@D@std@@YAPADAAD@Z 10046e20 f i pch.obj
 0002:00008e60       ??$construct@PADAAPAD@?$_Wrap_alloc@V?$allocator@D@std@@@std@@QAEXPAPADAAPAD@Z 10046e60 f i pch.obj
 0002:00008ed0       ??$construct@PADAAPAD@?$allocator@D@std@@QAEXPAPADAAPAD@Z 10046ed0 f i pch.obj
 0002:00008fd0       ??$construct@PADAAPAD@?$allocator_traits@V?$allocator@D@std@@@std@@SAXAAV?$allocator@D@1@PAPADAAPAD@Z 10046fd0 f i pch.obj
 0002:00009030       ??$construct@U_Container_proxy@std@@U12@@?$allocator@U_Container_proxy@std@@@std@@QAEXPAU_Container_proxy@1@$$QAU21@@Z 10047030 f i pch.obj
 0002:00009140       ??$destroy@PAD@?$_Wrap_alloc@V?$allocator@D@std@@@std@@QAEXPAPAD@Z 10047140 f i pch.obj
 0002:000091a0       ??$destroy@PAD@?$allocator@D@std@@QAEXPAPAD@Z 100471a0 f i pch.obj
 0002:000091e0       ??$destroy@PAD@?$allocator_traits@V?$allocator@D@std@@@std@@SAXAAV?$allocator@D@1@PAPAD@Z 100471e0 f i pch.obj
 0002:00009230       ??$destroy@U_Container_proxy@std@@@?$allocator@U_Container_proxy@std@@@std@@QAEXPAU_Container_proxy@1@@Z 10047230 f i pch.obj
 0002:00009270       ??$forward@AAPAD@std@@YAAAPADAAPAD@Z 10047270 f i pch.obj
 0002:000092b0       ??$forward@U_Container_proxy@std@@@std@@YA$$QAU_Container_proxy@0@AAU10@@Z 100472b0 f i pch.obj
 0002:000092f0       ??0?$_String_alloc@$0A@U?$_String_base_types@DV?$allocator@D@std@@@std@@@std@@QAE@ABV?$allocator@D@1@@Z 100472f0 f i pch.obj
 0002:000093a0       ??0?$_String_val@U?$_Simple_types@D@std@@@std@@QAE@XZ 100473a0 f i pch.obj
 0002:00009420       ??0?$_Wrap_alloc@V?$allocator@D@std@@@std@@QAE@XZ 10047420 f i pch.obj
 0002:00009480       ??0?$allocator@D@std@@QAE@XZ 10047480 f i pch.obj
 0002:000094c0       ??0?$allocator@U_Container_proxy@std@@@std@@QAE@XZ 100474c0 f i pch.obj
 0002:00009500       ??0?$basic_string@DU?$char_traits@D@std@@V?$allocator@D@2@@std@@QAE@PBD@Z 10047500 f i pch.obj
 0002:000095d0       ??0Guid@Platform@@QAA@IGGEEEEEEEE@Z 100475d0 f i pch.obj
 0002:00009690       ??0_Container_proxy@std@@QAE@XZ 10047690 f i pch.obj
 0002:000096e0       ??0_Generic_error_category@std@@QAE@XZ 100476e0 f i pch.obj
 0002:00009740       ??0_Ignore@std@@QAE@XZ     10047740 f i pch.obj
 0002:00009780       ??0_Iostream_error_category@std@@QAE@XZ 10047780 f i pch.obj
 0002:000097e0       ??0_System_error_category@std@@QAE@XZ 100477e0 f i pch.obj
 0002:00009840       ??0error_category@std@@QAE@XZ 10047840 f i pch.obj
 0002:00009890       ??0error_condition@std@@QAE@HABVerror_category@1@@Z 10047890 f i pch.obj
 0002:000098e0       ??1?$_String_alloc@$0A@U?$_String_base_types@DV?$allocator@D@std@@@std@@@std@@QAE@XZ 100478e0 f i pch.obj
 0002:00009940       ??1?$_String_val@U?$_Simple_types@D@std@@@std@@QAE@XZ 10047940 f i pch.obj
 0002:000099a0       ??1_Generic_error_category@std@@UAE@XZ 100479a0 f i pch.obj
 0002:000099f0       ??1_Iostream_error_category@std@@UAE@XZ 100479f0 f i pch.obj
 0002:00009a40       ??1_System_error_category@std@@UAE@XZ 10047a40 f i pch.obj
 0002:00009a90       ??1error_category@std@@UAE@XZ 10047a90 f i pch.obj
 0002:00009ad0       ??1location@Concurrency@@QAE@XZ 10047ad0 f i pch.obj
 0002:00009b10       ??2@YAPAXIPAX@Z            10047b10 f i pch.obj
 0002:00009b50       ??3@YAXPAX0@Z              10047b50 f i pch.obj
 0002:00009b80       ??8error_category@std@@QBE_NABV01@@Z 10047b80 f i pch.obj
 0002:00009bf0       ??8error_condition@std@@QBE_NABV01@@Z 10047bf0 f i pch.obj
 0002:00009ca0       ??_Elocation@Concurrency@@QAEPAXI@Z 10047ca0 f i pch.obj
 0002:00009d60       ??_G_Generic_error_category@std@@UAEPAXI@Z 10047d60 f i pch.obj
 0002:00009d60       ??_E_Generic_error_category@std@@UAEPAXI@Z 10047d60 f i pch.obj
 0002:00009dd0       ??_G_Iostream_error_category@std@@UAEPAXI@Z 10047dd0 f i pch.obj
 0002:00009dd0       ??_E_Iostream_error_category@std@@UAEPAXI@Z 10047dd0 f i pch.obj
 0002:00009e40       ??_G_System_error_category@std@@UAEPAXI@Z 10047e40 f i pch.obj
 0002:00009e40       ??_E_System_error_category@std@@UAEPAXI@Z 10047e40 f i pch.obj
 0002:00009eb0       ??_Eerror_category@std@@UAEPAXI@Z 10047eb0 f i pch.obj
 0002:00009eb0       ??_Gerror_category@std@@UAEPAXI@Z 10047eb0 f i pch.obj
 0002:00009f20       ?_Alloc_proxy@?$_String_alloc@$0A@U?$_String_base_types@DV?$allocator@D@std@@@std@@@std@@QAEXXZ 10047f20 f i pch.obj
 0002:0000a010       ?_Copy@?$basic_string@DU?$char_traits@D@std@@V?$allocator@D@2@@std@@QAEXII@Z 10048010 f i pch.obj
 0002:0000a2e0       ?_Eos@?$basic_string@DU?$char_traits@D@std@@V?$allocator@D@2@@std@@QAEXI@Z 100482e0 f i pch.obj
 0002:0000a360       ?_Free_proxy@?$_String_alloc@$0A@U?$_String_base_types@DV?$allocator@D@std@@@std@@@std@@QAEXXZ 10048360 f i pch.obj
 0002:0000a450       ?_Getal@?$_String_alloc@$0A@U?$_String_base_types@DV?$allocator@D@std@@@std@@@std@@QBE?AU?$_Wrap_alloc@V?$allocator@D@std@@@2@XZ 10048450 f i pch.obj
 0002:0000a4b0       ?_Grow@?$basic_string@DU?$char_traits@D@std@@V?$allocator@D@2@@std@@QAE_NI_N@Z 100484b0 f i pch.obj
 0002:0000a5d0       ?_Inside@?$basic_string@DU?$char_traits@D@std@@V?$allocator@D@2@@std@@QAE_NPBD@Z 100485d0 f i pch.obj
 0002:0000a650       ?_Myptr@?$_String_val@U?$_Simple_types@D@std@@@std@@QAEPADXZ 10048650 f i pch.obj
 0002:0000a6e0       ?_Myptr@?$_String_val@U?$_Simple_types@D@std@@@std@@QBEPBDXZ 100486e0 f i pch.obj
 0002:0000a770       ?_Tidy@?$basic_string@DU?$char_traits@D@std@@V?$allocator@D@2@@std@@QAEX_NI@Z 10048770 f i pch.obj
 0002:0000a880       ?_Xlen@?$basic_string@DU?$char_traits@D@std@@V?$allocator@D@2@@std@@QBEXXZ 10048880 f i pch.obj
 0002:0000a8e0       ?_Xran@?$basic_string@DU?$char_traits@D@std@@V?$allocator@D@2@@std@@QBEXXZ 100488e0 f i pch.obj
 0002:0000a940       ?__abi_ThrowIfFailed@@YAXJ@Z 10048940 f i pch.obj
 0002:0000a9a0       ?__abi_WinRTraiseException@@YGXJ@Z 100489a0 f i pch.obj
 0002:0000ac60       ?__abi_winrt_cast_to@@YAP$AAVObject@Platform@@_NP$AAV12@ABU_GUID@@@Z 10048c60 f i pch.obj
 0002:0000ad60       ?allocate@?$_Wrap_alloc@V?$allocator@D@std@@@std@@QAEPADI@Z 10048d60 f i pch.obj
 0002:0000adc0       ?allocate@?$allocator@D@std@@QAEPADI@Z 10048dc0 f i pch.obj
 0002:0000ae20       ?allocate@?$allocator@U_Container_proxy@std@@@std@@QAEPAU_Container_proxy@2@I@Z 10048e20 f i pch.obj
 0002:0000ae80       ?assign@?$basic_string@DU?$char_traits@D@std@@V?$allocator@D@2@@std@@QAEAAV12@ABV12@II@Z 10048e80 f i pch.obj
 0002:0000af90       ?assign@?$basic_string@DU?$char_traits@D@std@@V?$allocator@D@2@@std@@QAEAAV12@PBD@Z 10048f90 f i pch.obj
 0002:0000b020       ?assign@?$basic_string@DU?$char_traits@D@std@@V?$allocator@D@2@@std@@QAEAAV12@PBDI@Z 10049020 f i pch.obj
 0002:0000b120       ?assign@?$char_traits@D@std@@SAXAADABD@Z 10049120 f i pch.obj
 0002:0000b160       ?category@error_code@std@@QBEABVerror_category@2@XZ 10049160 f i pch.obj
 0002:0000b1a0       ?category@error_condition@std@@QBEABVerror_category@2@XZ 100491a0 f i pch.obj
 0002:0000b1e0       ?copy@?$char_traits@D@std@@SAPADPADPBDI@Z 100491e0 f i pch.obj
 0002:0000b260       ?deallocate@?$_Wrap_alloc@V?$allocator@D@std@@@std@@QAEXPADI@Z 10049260 f i pch.obj
 0002:0000b2c0       ?deallocate@?$allocator@D@std@@QAEXPADI@Z 100492c0 f i pch.obj
 0002:0000b320       ?deallocate@?$allocator@U_Container_proxy@std@@@std@@QAEXPAU_Container_proxy@2@I@Z 10049320 f i pch.obj
 0002:0000b380       ?default_error_condition@_System_error_category@std@@UBE?AVerror_condition@2@H@Z 10049380 f i pch.obj
 0002:0000b430       ?default_error_condition@error_category@std@@UBE?AVerror_condition@2@H@Z 10049430 f i pch.obj
 0002:0000b490       ?equivalent@error_category@std@@UBE_NABVerror_code@2@H@Z 10049490 f i pch.obj
 0002:0000b530       ?equivalent@error_category@std@@UBE_NHABVerror_condition@2@@Z 10049530 f i pch.obj
 0002:0000b5b0       ?erase@?$basic_string@DU?$char_traits@D@std@@V?$allocator@D@2@@std@@QAEAAV12@I@Z 100495b0 f i pch.obj
 0002:0000b630       ?erase@?$basic_string@DU?$char_traits@D@std@@V?$allocator@D@2@@std@@QAEAAV12@II@Z 10049630 f i pch.obj
 0002:0000b710       ?generic_category@std@@YAABVerror_category@1@XZ 10049710 f i pch.obj
 0002:0000b750       ?length@?$char_traits@D@std@@SAIPBD@Z 10049750 f i pch.obj
 0002:0000b7d0       ?max_size@?$_Wrap_alloc@V?$allocator@D@std@@@std@@QBEIXZ 100497d0 f i pch.obj
 0002:0000b830       ?max_size@?$allocator@D@std@@QBEIXZ 10049830 f i pch.obj
 0002:0000b870       ?max_size@?$allocator_traits@V?$allocator@D@std@@@std@@SAIABV?$allocator@D@2@@Z 10049870 f i pch.obj
 0002:0000b8c0       ?max_size@?$basic_string@DU?$char_traits@D@std@@V?$allocator@D@2@@std@@QBEIXZ 100498c0 f i pch.obj
 0002:0000b960       ?message@_Generic_error_category@std@@UBE?AV?$basic_string@DU?$char_traits@D@std@@V?$allocator@D@2@@2@H@Z 10049960 f i pch.obj
 0002:0000ba20       ?message@_Iostream_error_category@std@@UBE?AV?$basic_string@DU?$char_traits@D@std@@V?$allocator@D@2@@2@H@Z 10049a20 f i pch.obj
 0002:0000bae0       ?message@_System_error_category@std@@UBE?AV?$basic_string@DU?$char_traits@D@std@@V?$allocator@D@2@@2@H@Z 10049ae0 f i pch.obj
 0002:0000bba0       ?move@?$char_traits@D@std@@SAPADPADPBDI@Z 10049ba0 f i pch.obj
 0002:0000bc30       ?name@_Generic_error_category@std@@UBEPBDXZ 10049c30 f i pch.obj
 0002:0000bc70       ?name@_Iostream_error_category@std@@UBEPBDXZ 10049c70 f i pch.obj
 0002:0000bcb0       ?name@_System_error_category@std@@UBEPBDXZ 10049cb0 f i pch.obj
 0002:0000bcf0       ?size@?$basic_string@DU?$char_traits@D@std@@V?$allocator@D@2@@std@@QBEIXZ 10049cf0 f i pch.obj
 0002:0000bd30       ?system_category@std@@YAABVerror_category@1@XZ 10049d30 f i pch.obj
 0002:0000bd70       ?value@error_code@std@@QBEHXZ 10049d70 f i pch.obj
 0002:0000bdb0       ?value@error_condition@std@@QBEHXZ 10049db0 f i pch.obj
 0002:0000bdf0       _hypot                     10049df0 f i pch.obj
 0002:0000be70       ?CreateFactory@__WinRTVFSActivationFactory@SQLiteWinRTExtensions@@SGJPAIPAU__abi___classObjectEntry@@AAVGuid@Platform@@PAPAU__abi_IUnknown@@@Z 10049e70 f i SQLiteWinRTExtensions.obj
 0002:0000bfd0       ?GetTargetClassName@__WinRTVFSActivationFactory@SQLiteWinRTExtensions@@SGPB_WXZ 10049fd0 f i SQLiteWinRTExtensions.obj
 0002:0000c010       ??0WinRTVFS@SQLiteWinRTExtensions@@Q$AAA@XZ 1004a010 f i SQLiteWinRTExtensions.obj
 0002:0000c0b0       ??0__WinRTVFSActivationFactory@SQLiteWinRTExtensions@@Q$AAA@XZ 1004a0b0 f i SQLiteWinRTExtensions.obj
 0002:0000c140       ??0__abi_FTMWeakRefData@@QAE@P$AAVObject@Platform@@@Z 1004a140 f i SQLiteWinRTExtensions.obj
 0002:0000c1d0       ?ActivateInstance@?QIActivationFactory@Details@Platform@@__WinRTVFSActivationFactory@SQLiteWinRTExtensions@@U$AAAP$AAVObject@3@XZ 1004a1d0 f i SQLiteWinRTExtensions.obj
 0002:0000c2d2       ?ActivateInstance@?QIActivationFactory@Details@Platform@@__WinRTVFSActivationFactory@SQLiteWinRTExtensions@@W7$AAAP$AAVObject@3@XZ 1004a2d2 f i SQLiteWinRTExtensions.obj
 0002:0000c2e0       ?Decrement@__abi_FTMWeakRefData@@QCGKXZ 1004a2e0 f i SQLiteWinRTExtensions.obj
 0002:0000c3f0       ?DecrementStrongReference@ControlBlock@Details@Platform@@AAGKXZ 1004a3f0 f i SQLiteWinRTExtensions.obj
 0002:0000c450       ?Equals@Guid@Platform@@QAA_NABU_GUID@@@Z 1004a450 f i SQLiteWinRTExtensions.obj
 0002:0000c550       ?GetFreeThreadedMarshaler@__abi_FTMWeakRefData@@QAEPAV1@XZ 1004a550 f i SQLiteWinRTExtensions.obj
 0002:0000c5a0       ?GetRefcount@ControlBlock@Details@Platform@@AAGJXZ 1004a5a0 f i SQLiteWinRTExtensions.obj
 0002:0000c5e0       ?GetWeakReference@?QIWeakReferenceSource@Details@Platform@@WinRTVFS@SQLiteWinRTExtensions@@U$AAAP$AAUIWeakReference@23@XZ 1004a5e0 f i SQLiteWinRTExtensions.obj
 0002:0000c6ae       ?GetWeakReference@?QIWeakReferenceSource@Details@Platform@@WinRTVFS@SQLiteWinRTExtensions@@W7$AAAP$AAUIWeakReference@23@XZ 1004a6ae f i SQLiteWinRTExtensions.obj
 0002:0000c6c0       ?GetWeakReference@__abi_FTMWeakRefData@@QAEP$AAUIWeakReference@Details@Platform@@XZ 1004a6c0 f i SQLiteWinRTExtensions.obj
 0002:0000c720       ?Increment@__abi_FTMWeakRefData@@QCGKXZ 1004a720 f i SQLiteWinRTExtensions.obj
 0002:0000c7a0       ?IncrementStrongReference@ControlBlock@Details@Platform@@AAGKXZ 1004a7a0 f i SQLiteWinRTExtensions.obj
 0002:0000c7f0       ?Initialize@?Q__IWinRTVFSStatics@SQLiteWinRTExtensions@@__WinRTVFSActivationFactory@2@U$AAA_N_N@Z 1004a7f0 f i SQLiteWinRTExtensions.obj
 0002:0000c840       ?Initialize@WinRTVFS@SQLiteWinRTExtensions@@SA_N_N@Z 1004a840 f i SQLiteWinRTExtensions.obj
 0002:0000ca40       ?PlacementFree@Heap@Details@Platform@@SAXPAX0@Z 1004aa40 f i SQLiteWinRTExtensions.obj
 0002:0000ca70       ?ReleaseControlBlock@__abi_FTMWeakRefData@@QAEXXZ 1004aa70 f i SQLiteWinRTExtensions.obj
 0002:0000cae0       ?__abi_AddRef@?QObject@Platform@@WinRTVFS@SQLiteWinRTExtensions@@U$AAGKXZ 1004aae0 f i SQLiteWinRTExtensions.obj
 0002:0000cb37       ?__abi_AddRef@?QObject@Platform@@WinRTVFS@SQLiteWinRTExtensions@@W3$AAGKXZ 1004ab37 f i SQLiteWinRTExtensions.obj
 0002:0000cb43       ?__abi_AddRef@?QObject@Platform@@WinRTVFS@SQLiteWinRTExtensions@@W7$AAGKXZ 1004ab43 f i SQLiteWinRTExtensions.obj
 0002:0000cb4f       ?__abi_AddRef@?QObject@Platform@@WinRTVFS@SQLiteWinRTExtensions@@WM@$AAGKXZ 1004ab4f f i SQLiteWinRTExtensions.obj
 0002:0000cb60       ?__abi_AddRef@?QObject@Platform@@__WinRTVFSActivationFactory@SQLiteWinRTExtensions@@U$AAGKXZ 1004ab60 f i SQLiteWinRTExtensions.obj
 0002:0000cbb7       ?__abi_AddRef@?QObject@Platform@@__WinRTVFSActivationFactory@SQLiteWinRTExtensions@@W3$AAGKXZ 1004abb7 f i SQLiteWinRTExtensions.obj
 0002:0000cbc3       ?__abi_AddRef@?QObject@Platform@@__WinRTVFSActivationFactory@SQLiteWinRTExtensions@@W7$AAGKXZ 1004abc3 f i SQLiteWinRTExtensions.obj
 0002:0000cbd0       ?__abi_GetIids@?QObject@Platform@@WinRTVFS@SQLiteWinRTExtensions@@U$AAGJPAKPAPAVGuid@2@@Z 1004abd0 f i SQLiteWinRTExtensions.obj
 0002:0000cd0b       ?__abi_GetIids@?QObject@Platform@@WinRTVFS@SQLiteWinRTExtensions@@W3$AAGJPAKPAPAVGuid@2@@Z 1004ad0b f i SQLiteWinRTExtensions.obj
 0002:0000cd17       ?__abi_GetIids@?QObject@Platform@@WinRTVFS@SQLiteWinRTExtensions@@WM@$AAGJPAKPAPAVGuid@2@@Z 1004ad17 f i SQLiteWinRTExtensions.obj
 0002:0000cd30       ?__abi_GetIids@?QObject@Platform@@__WinRTVFSActivationFactory@SQLiteWinRTExtensions@@U$AAGJPAKPAPAVGuid@2@@Z 1004ad30 f i SQLiteWinRTExtensions.obj
 0002:0000ce6b       ?__abi_GetIids@?QObject@Platform@@__WinRTVFSActivationFactory@SQLiteWinRTExtensions@@W3$AAGJPAKPAPAVGuid@2@@Z 1004ae6b f i SQLiteWinRTExtensions.obj
 0002:0000ce77       ?__abi_GetIids@?QObject@Platform@@__WinRTVFSActivationFactory@SQLiteWinRTExtensions@@W7$AAGJPAKPAPAVGuid@2@@Z 1004ae77 f i SQLiteWinRTExtensions.obj
 0002:0000ce90       ?__abi_GetRuntimeClassName@?QObject@Platform@@WinRTVFS@SQLiteWinRTExtensions@@U$AAGJPAPAUHSTRING__@@@Z 1004ae90 f i SQLiteWinRTExtensions.obj
 0002:0000cee5       ?__abi_GetRuntimeClassName@?QObject@Platform@@WinRTVFS@SQLiteWinRTExtensions@@W3$AAGJPAPAUHSTRING__@@@Z 1004aee5 f i SQLiteWinRTExtensions.obj
 0002:0000cef1       ?__abi_GetRuntimeClassName@?QObject@Platform@@WinRTVFS@SQLiteWinRTExtensions@@WM@$AAGJPAPAUHSTRING__@@@Z 1004aef1 f i SQLiteWinRTExtensions.obj
 0002:0000cf00       ?__abi_GetRuntimeClassName@?QObject@Platform@@__WinRTVFSActivationFactory@SQLiteWinRTExtensions@@U$AAGJPAPAUHSTRING__@@@Z 1004af00 f i SQLiteWinRTExtensions.obj
 0002:0000cf55       ?__abi_GetRuntimeClassName@?QObject@Platform@@__WinRTVFSActivationFactory@SQLiteWinRTExtensions@@W3$AAGJPAPAUHSTRING__@@@Z 1004af55 f i SQLiteWinRTExtensions.obj
 0002:0000cf61       ?__abi_GetRuntimeClassName@?QObject@Platform@@__WinRTVFSActivationFactory@SQLiteWinRTExtensions@@W7$AAGJPAPAUHSTRING__@@@Z 1004af61 f i SQLiteWinRTExtensions.obj
 0002:0000cf70       ?__abi_GetTrustLevel@?QObject@Platform@@WinRTVFS@SQLiteWinRTExtensions@@U$AAGJPAW4__abi_TrustLevel@@@Z 1004af70 f i SQLiteWinRTExtensions.obj
 0002:0000cfae       ?__abi_GetTrustLevel@?QObject@Platform@@WinRTVFS@SQLiteWinRTExtensions@@W3$AAGJPAW4__abi_TrustLevel@@@Z 1004afae f i SQLiteWinRTExtensions.obj
 0002:0000cfba       ?__abi_GetTrustLevel@?QObject@Platform@@WinRTVFS@SQLiteWinRTExtensions@@WM@$AAGJPAW4__abi_TrustLevel@@@Z 1004afba f i SQLiteWinRTExtensions.obj
 0002:0000cfd0       ?__abi_GetTrustLevel@?QObject@Platform@@__WinRTVFSActivationFactory@SQLiteWinRTExtensions@@U$AAGJPAW4__abi_TrustLevel@@@Z 1004afd0 f i SQLiteWinRTExtensions.obj
 0002:0000d00e       ?__abi_GetTrustLevel@?QObject@Platform@@__WinRTVFSActivationFactory@SQLiteWinRTExtensions@@W3$AAGJPAW4__abi_TrustLevel@@@Z 1004b00e f i SQLiteWinRTExtensions.obj
 0002:0000d01a       ?__abi_GetTrustLevel@?QObject@Platform@@__WinRTVFSActivationFactory@SQLiteWinRTExtensions@@W7$AAGJPAW4__abi_TrustLevel@@@Z 1004b01a f i SQLiteWinRTExtensions.obj
 0002:0000d030       ?__abi_Platform_Details_IActivationFactory____abi_ActivateInstance@?QIActivationFactory@Details@Platform@@__WinRTVFSActivationFactory@SQLiteWinRTExtensions@@U$AAGJPAP$AAVObject@3@@Z 1004b030 f i SQLiteWinRTExtensions.obj
 0002:0000d144       ?__abi_Platform_Details_IActivationFactory____abi_ActivateInstance@?QIActivationFactory@Details@Platform@@__WinRTVFSActivationFactory@SQLiteWinRTExtensions@@W7$AAGJPAP$AAVObject@3@@Z 1004b144 f i SQLiteWinRTExtensions.obj
 0002:0000d150       ?__abi_Platform_Details_IWeakReferenceSource____abi_GetWeakReference@?QIWeakReferenceSource@Details@Platform@@WinRTVFS@SQLiteWinRTExtensions@@U$AAGJPAP$AAUIWeakReference@23@@Z 1004b150 f i SQLiteWinRTExtensions.obj
 0002:0000d24d       ?__abi_Platform_Details_IWeakReferenceSource____abi_GetWeakReference@?QIWeakReferenceSource@Details@Platform@@WinRTVFS@SQLiteWinRTExtensions@@W7$AAGJPAP$AAUIWeakReference@23@@Z 1004b24d f i SQLiteWinRTExtensions.obj
 0002:0000d260       ?__abi_QueryInterface@?QObject@Platform@@WinRTVFS@SQLiteWinRTExtensions@@U$AAGJAAVGuid@2@PAPAX@Z 1004b260 f i SQLiteWinRTExtensions.obj
 0002:0000d405       ?__abi_QueryInterface@?QObject@Platform@@WinRTVFS@SQLiteWinRTExtensions@@W3$AAGJAAVGuid@2@PAPAX@Z 1004b405 f i SQLiteWinRTExtensions.obj
 0002:0000d411       ?__abi_QueryInterface@?QObject@Platform@@WinRTVFS@SQLiteWinRTExtensions@@W7$AAGJAAVGuid@2@PAPAX@Z 1004b411 f i SQLiteWinRTExtensions.obj
 0002:0000d41d       ?__abi_QueryInterface@?QObject@Platform@@WinRTVFS@SQLiteWinRTExtensions@@WM@$AAGJAAVGuid@2@PAPAX@Z 1004b41d f i SQLiteWinRTExtensions.obj
 0002:0000d430       ?__abi_QueryInterface@?QObject@Platform@@__WinRTVFSActivationFactory@SQLiteWinRTExtensions@@U$AAGJAAVGuid@2@PAPAX@Z 1004b430 f i SQLiteWinRTExtensions.obj
 0002:0000d5d5       ?__abi_QueryInterface@?QObject@Platform@@__WinRTVFSActivationFactory@SQLiteWinRTExtensions@@W3$AAGJAAVGuid@2@PAPAX@Z 1004b5d5 f i SQLiteWinRTExtensions.obj
 0002:0000d5e1       ?__abi_QueryInterface@?QObject@Platform@@__WinRTVFSActivationFactory@SQLiteWinRTExtensions@@W7$AAGJAAVGuid@2@PAPAX@Z 1004b5e1 f i SQLiteWinRTExtensions.obj
 0002:0000d5f0       ?__abi_QueryInterface@__abi_FTMWeakRefData@@QAGJAAVGuid@Platform@@PAPAX@Z 1004b5f0 f i SQLiteWinRTExtensions.obj
 0002:0000d770       ?__abi_Release@?QObject@Platform@@WinRTVFS@SQLiteWinRTExtensions@@U$AAGKXZ 1004b770 f i SQLiteWinRTExtensions.obj
 0002:0000d7dc       ?__abi_Release@?QObject@Platform@@WinRTVFS@SQLiteWinRTExtensions@@W3$AAGKXZ 1004b7dc f i SQLiteWinRTExtensions.obj
 0002:0000d7e8       ?__abi_Release@?QObject@Platform@@WinRTVFS@SQLiteWinRTExtensions@@W7$AAGKXZ 1004b7e8 f i SQLiteWinRTExtensions.obj
 0002:0000d7f4       ?__abi_Release@?QObject@Platform@@WinRTVFS@SQLiteWinRTExtensions@@WM@$AAGKXZ 1004b7f4 f i SQLiteWinRTExtensions.obj
 0002:0000d800       ?__abi_Release@?QObject@Platform@@__WinRTVFSActivationFactory@SQLiteWinRTExtensions@@U$AAGKXZ 1004b800 f i SQLiteWinRTExtensions.obj
 0002:0000d86c       ?__abi_Release@?QObject@Platform@@__WinRTVFSActivationFactory@SQLiteWinRTExtensions@@W3$AAGKXZ 1004b86c f i SQLiteWinRTExtensions.obj
 0002:0000d878       ?__abi_Release@?QObject@Platform@@__WinRTVFSActivationFactory@SQLiteWinRTExtensions@@W7$AAGKXZ 1004b878 f i SQLiteWinRTExtensions.obj
 0002:0000d890       ?__abi_Release@ControlBlock@Details@Platform@@UAGKXZ 1004b890 f i SQLiteWinRTExtensions.obj
 0002:0000d920       ?__abi_SQLiteWinRTExtensions___IWinRTVFSStatics____abi_Initialize@?Q__IWinRTVFSStatics@SQLiteWinRTExtensions@@__WinRTVFSActivationFactory@2@U$AAGJ_NPA_N@Z 1004b920 f i SQLiteWinRTExtensions.obj
 0002:0000da40       ?__abi_winrt_ptr_ctor@@YAPAXQ$ADVObject@Platform@@@Z 1004ba40 f i SQLiteWinRTExtensions.obj
 0002:0000dab0       ?__abi_winrt_ptr_dtor@@YAXQ$ADVObject@Platform@@@Z 1004bab0 f i SQLiteWinRTExtensions.obj
 0002:0000db20       ?<Dispose>@IDisposable@Platform@@U$AAAXXZ 1004bb20 f i WinRTVFS.obj
 0002:0000db90       ??$?0$$$V@?$_Ref_count_obj@U?$_Task_completion_event_impl@E@details@Concurrency@@@std@@QAE@XZ 1004bb90 f i WinRTVFS.obj
 0002:0000dca0       ??$?0AAP$AAVException@Platform@@V_TaskCreationCallstack@details@Concurrency@@@?$_Ref_count_obj@U_ExceptionHolder@details@Concurrency@@@std@@QAE@AAP$AAVException@Platform@@$$QAV_TaskCreationCallstack@details@Concurrency@@@Z 1004bca0 f i WinRTVFS.obj
 0002:0000ddd0       ??$?0AAPAV_CancellationTokenState@details@Concurrency@@AAUscheduler_ptr@2@@?$_Ref_count_obj@U?$_Task_impl@E@details@Concurrency@@@std@@QAE@AAPAV_CancellationTokenState@details@Concurrency@@AAUscheduler_ptr@4@@Z 1004bdd0 f i WinRTVFS.obj
 0002:0000df50       ??$?0AAPAV_CancellationTokenState@details@Concurrency@@AAUscheduler_ptr@2@@?$_Ref_count_obj@U?$_Task_impl@I@details@Concurrency@@@std@@QAE@AAPAV_CancellationTokenState@details@Concurrency@@AAUscheduler_ptr@4@@Z 1004bf50 f i WinRTVFS.obj
 0002:0000e0d0       ??$?0AAPAV_CancellationTokenState@details@Concurrency@@AAUscheduler_ptr@2@@?$_Ref_count_obj@U?$_Task_impl@P$AAUIBuffer@Streams@Storage@Windows@@@details@Concurrency@@@std@@QAE@AAPAV_CancellationTokenState@details@Concurrency@@AAUscheduler_ptr@4@@Z 1004c0d0 f i WinRTVFS.obj
 0002:0000e250       ??$?0AAPAV_CancellationTokenState@details@Concurrency@@AAUscheduler_ptr@2@@?$_Ref_count_obj@U?$_Task_impl@P$AAUIRandomAccessStream@Streams@Storage@Windows@@@details@Concurrency@@@std@@QAE@AAPAV_CancellationTokenState@details@Concurrency@@AAUscheduler_ptr@4@@Z 1004c250 f i WinRTVFS.obj
 0002:0000e3d0       ??$?0AAPAV_CancellationTokenState@details@Concurrency@@AAUscheduler_ptr@2@@?$_Ref_count_obj@U?$_Task_impl@P$AAVStorageFile@Storage@Windows@@@details@Concurrency@@@std@@QAE@AAPAV_CancellationTokenState@details@Concurrency@@AAUscheduler_ptr@4@@Z 1004c3d0 f i WinRTVFS.obj
 0002:0000e550       ??$?0AAPAV_CancellationTokenState@details@Concurrency@@AAUscheduler_ptr@2@@?$_Ref_count_obj@U?$_Task_impl@P$AAVStorageFolder@Storage@Windows@@@details@Concurrency@@@std@@QAE@AAPAV_CancellationTokenState@details@Concurrency@@AAUscheduler_ptr@4@@Z 1004c550 f i WinRTVFS.obj
 0002:0000e6d0       ??$?0AAPAV_CancellationTokenState@details@Concurrency@@AAUscheduler_ptr@2@@?$_Ref_count_obj@U?$_Task_impl@_N@details@Concurrency@@@std@@QAE@AAPAV_CancellationTokenState@details@Concurrency@@AAUscheduler_ptr@4@@Z 1004c6d0 f i WinRTVFS.obj
 0002:0000e850       ??$?0AAU?$_Callable_obj@V<lambda_02d862f9cfc639ff7c37ca52d43e6a8c>@@$0A@@std@@@?$_Callable_obj@V<lambda_02d862f9cfc639ff7c37ca52d43e6a8c>@@$0A@@std@@QAE@AAU01@@Z 1004c850 f i WinRTVFS.obj
 0002:0000e8c0       ??$?0AAU?$_Callable_obj@V<lambda_095a938ce4c5765dcc6b67f548aeb9c7>@@$0A@@std@@@?$_Callable_obj@V<lambda_095a938ce4c5765dcc6b67f548aeb9c7>@@$0A@@std@@QAE@AAU01@@Z 1004c8c0 f i WinRTVFS.obj
 0002:0000e930       ??$?0AAU?$_Callable_obj@V<lambda_0b7f78ec4ced38495cec46e0d346e0b9>@@$0A@@std@@@?$_Callable_obj@V<lambda_0b7f78ec4ced38495cec46e0d346e0b9>@@$0A@@std@@QAE@AAU01@@Z 1004c930 f i WinRTVFS.obj
 0002:0000e9a0       ??$?0AAU?$_Callable_obj@V<lambda_0fe479da16d43edb8e9a254c493d643e>@@$0A@@std@@@?$_Callable_obj@V<lambda_0fe479da16d43edb8e9a254c493d643e>@@$0A@@std@@QAE@AAU01@@Z 1004c9a0 f i WinRTVFS.obj
 0002:0000ea10       ??$?0AAU?$_Callable_obj@V<lambda_1a93da980d6fe77644a4eefc4e1ad756>@@$0A@@std@@@?$_Callable_obj@V<lambda_1a93da980d6fe77644a4eefc4e1ad756>@@$0A@@std@@QAE@AAU01@@Z 1004ca10 f i WinRTVFS.obj
 0002:0000ea80       ??$?0AAU?$_Callable_obj@V<lambda_295bc5f846209cba149a5e74d0d63a72>@@$0A@@std@@@?$_Callable_obj@V<lambda_295bc5f846209cba149a5e74d0d63a72>@@$0A@@std@@QAE@AAU01@@Z 1004ca80 f i WinRTVFS.obj
 0002:0000eaf0       ??$?0AAU?$_Callable_obj@V<lambda_364e75aa895e992ae8821732ca646aa2>@@$0A@@std@@@?$_Callable_obj@V<lambda_364e75aa895e992ae8821732ca646aa2>@@$0A@@std@@QAE@AAU01@@Z 1004caf0 f i WinRTVFS.obj
 0002:0000eb60       ??$?0AAU?$_Callable_obj@V<lambda_39cde079c01d1b5b9307ff255a1ccdd9>@@$0A@@std@@@?$_Callable_obj@V<lambda_39cde079c01d1b5b9307ff255a1ccdd9>@@$0A@@std@@QAE@AAU01@@Z 1004cb60 f i WinRTVFS.obj
 0002:0000ebd0       ??$?0AAU?$_Callable_obj@V<lambda_528650821c608ced6534641e311542a5>@@$0A@@std@@@?$_Callable_obj@V<lambda_528650821c608ced6534641e311542a5>@@$0A@@std@@QAE@AAU01@@Z 1004cbd0 f i WinRTVFS.obj
 0002:0000ec40       ??$?0AAU?$_Callable_obj@V<lambda_579ccd68d569251046038e8620afec85>@@$0A@@std@@@?$_Callable_obj@V<lambda_579ccd68d569251046038e8620afec85>@@$0A@@std@@QAE@AAU01@@Z 1004cc40 f i WinRTVFS.obj
 0002:0000ecb0       ??$?0AAU?$_Callable_obj@V<lambda_9fc58f08a03183e50e06176727aeb396>@@$0A@@std@@@?$_Callable_obj@V<lambda_9fc58f08a03183e50e06176727aeb396>@@$0A@@std@@QAE@AAU01@@Z 1004ccb0 f i WinRTVFS.obj
 0002:0000ed20       ??$?0AAU?$_Callable_obj@V<lambda_a66b3ee15e662226a0b0b15ae647d32f>@@$0A@@std@@@?$_Callable_obj@V<lambda_a66b3ee15e662226a0b0b15ae647d32f>@@$0A@@std@@QAE@AAU01@@Z 1004cd20 f i WinRTVFS.obj
 0002:0000ed90       ??$?0AAU?$_Callable_obj@V<lambda_c1a554f2383dae03f169289aed8c4103>@@$0A@@std@@@?$_Callable_obj@V<lambda_c1a554f2383dae03f169289aed8c4103>@@$0A@@std@@QAE@AAU01@@Z 1004cd90 f i WinRTVFS.obj
 0002:0000ee00       ??$?0AAU?$_Callable_obj@V<lambda_c28a53003ed51cdfe295a7d756f98c2f>@@$0A@@std@@@?$_Callable_obj@V<lambda_c28a53003ed51cdfe295a7d756f98c2f>@@$0A@@std@@QAE@AAU01@@Z 1004ce00 f i WinRTVFS.obj
 0002:0000ee70       ??$?0AAU?$_Callable_obj@V<lambda_e7ef5f1e4e1eca0ae8efc6086cf9f417>@@$0A@@std@@@?$_Callable_obj@V<lambda_e7ef5f1e4e1eca0ae8efc6086cf9f417>@@$0A@@std@@QAE@AAU01@@Z 1004ce70 f i WinRTVFS.obj
 0002:0000eee0       ??$?0ABV<lambda_9fc58f08a03183e50e06176727aeb396>@@@?$_Callable_obj@V<lambda_9fc58f08a03183e50e06176727aeb396>@@$0A@@std@@QAE@ABV<lambda_9fc58f08a03183e50e06176727aeb396>@@@Z 1004cee0 f i WinRTVFS.obj
 0002:0000ef50       ??$?0ABV<lambda_9fc58f08a03183e50e06176727aeb396>@@@?$_Func_impl@U?$_Callable_obj@V<lambda_9fc58f08a03183e50e06176727aeb396>@@$0A@@std@@V?$allocator@V?$_Func_class@X$$$V@std@@@2@X$$$V@std@@QAE@ABV<lambda_9fc58f08a03183e50e06176727aeb396>@@ABV?$allocator@V?$_Func_impl@U?$_Callable_obj@V<lambda_9fc58f08a03183e50e06176727aeb396>@@$0A@@std@@V?$allocator@V?$_Func_class@X$$$V@std@@@2@X$$$V@std@@@1@@Z 1004cf50 f i WinRTVFS.obj
 0002:0000f030       ??$?0ABVexception_ptr@std@@V_TaskCreationCallstack@details@Concurrency@@@?$_Ref_count_obj@U_ExceptionHolder@details@Concurrency@@@std@@QAE@ABVexception_ptr@1@$$QAV_TaskCreationCallstack@details@Concurrency@@@Z 1004d030 f i WinRTVFS.obj
 0002:0000f160       ??$?0P$AAU?$IAsyncOperation@P$AAUIRandomAccessStream@Streams@Storage@Windows@@@Foundation@Windows@@@?$task@P$AAUIRandomAccessStream@Streams@Storage@Windows@@@Concurrency@@QAE@P$AAU?$IAsyncOperation@P$AAUIRandomAccessStream@Streams@Storage@Windows@@@Foundation@Windows@@ABVtask_options@1@@Z 1004d160 f i WinRTVFS.obj
 0002:0000f450       ??$?0P$AAU?$IAsyncOperation@P$AAVStorageFile@Storage@Windows@@@Foundation@Windows@@@?$task@P$AAVStorageFile@Storage@Windows@@@Concurrency@@QAE@P$AAU?$IAsyncOperation@P$AAVStorageFile@Storage@Windows@@@Foundation@Windows@@ABVtask_options@1@@Z 1004d450 f i WinRTVFS.obj
 0002:0000f740       ??$?0P$AAU?$IAsyncOperation@P$AAVStorageFolder@Storage@Windows@@@Foundation@Windows@@@?$task@P$AAVStorageFolder@Storage@Windows@@@Concurrency@@QAE@P$AAU?$IAsyncOperation@P$AAVStorageFolder@Storage@Windows@@@Foundation@Windows@@ABVtask_options@1@@Z 1004d740 f i WinRTVFS.obj
 0002:0000fa30       ??$?0P$AAU?$IAsyncOperation@_N@Foundation@Windows@@@?$task@_N@Concurrency@@QAE@P$AAU?$IAsyncOperation@_N@Foundation@Windows@@ABVtask_options@1@@Z 1004da30 f i WinRTVFS.obj
 0002:0000fd20       ??$?0P$AAU?$IAsyncOperationWithProgress@II@Foundation@Windows@@@?$task@I@Concurrency@@QAE@P$AAU?$IAsyncOperationWithProgress@II@Foundation@Windows@@ABVtask_options@1@@Z 1004dd20 f i WinRTVFS.obj
 0002:00010010       ??$?0P$AAU?$IAsyncOperationWithProgress@P$AAUIBuffer@Streams@Storage@Windows@@I@Foundation@Windows@@@?$task@P$AAUIBuffer@Streams@Storage@Windows@@@Concurrency@@QAE@P$AAU?$IAsyncOperationWithProgress@P$AAUIBuffer@Streams@Storage@Windows@@I@Foundation@Windows@@ABVtask_options@1@@Z 1004e010 f i WinRTVFS.obj
 0002:00010300       ??$?0P$AAUIAsyncAction@Foundation@Windows@@@?$task@X@Concurrency@@QAE@P$AAUIAsyncAction@Foundation@Windows@@ABVtask_options@1@@Z 1004e300 f i WinRTVFS.obj
 0002:000105f0       ??$?0PAV?$message@H@Concurrency@@@?$allocator@D@std@@QAE@ABV?$allocator@PAV?$message@H@Concurrency@@@1@@Z 1004e5f0 f i WinRTVFS.obj
 0002:00010630       ??$?0U?$_Callable_obj@V<lambda_02d862f9cfc639ff7c37ca52d43e6a8c>@@$0A@@std@@@?$_Callable_obj@V<lambda_02d862f9cfc639ff7c37ca52d43e6a8c>@@$0A@@std@@QAE@$$QAU01@@Z 1004e630 f i WinRTVFS.obj
 0002:000106a0       ??$?0U?$_Callable_obj@V<lambda_095a938ce4c5765dcc6b67f548aeb9c7>@@$0A@@std@@@?$_Callable_obj@V<lambda_095a938ce4c5765dcc6b67f548aeb9c7>@@$0A@@std@@QAE@$$QAU01@@Z 1004e6a0 f i WinRTVFS.obj
 0002:00010710       ??$?0U?$_Callable_obj@V<lambda_0b7f78ec4ced38495cec46e0d346e0b9>@@$0A@@std@@@?$_Callable_obj@V<lambda_0b7f78ec4ced38495cec46e0d346e0b9>@@$0A@@std@@QAE@$$QAU01@@Z 1004e710 f i WinRTVFS.obj
 0002:00010780       ??$?0U?$_Callable_obj@V<lambda_0fe479da16d43edb8e9a254c493d643e>@@$0A@@std@@@?$_Callable_obj@V<lambda_0fe479da16d43edb8e9a254c493d643e>@@$0A@@std@@QAE@$$QAU01@@Z 1004e780 f i WinRTVFS.obj
 0002:000107f0       ??$?0U?$_Callable_obj@V<lambda_1a93da980d6fe77644a4eefc4e1ad756>@@$0A@@std@@@?$_Callable_obj@V<lambda_1a93da980d6fe77644a4eefc4e1ad756>@@$0A@@std@@QAE@$$QAU01@@Z 1004e7f0 f i WinRTVFS.obj
 0002:00010860       ??$?0U?$_Callable_obj@V<lambda_295bc5f846209cba149a5e74d0d63a72>@@$0A@@std@@@?$_Callable_obj@V<lambda_295bc5f846209cba149a5e74d0d63a72>@@$0A@@std@@QAE@$$QAU01@@Z 1004e860 f i WinRTVFS.obj
 0002:000108d0       ??$?0U?$_Callable_obj@V<lambda_364e75aa895e992ae8821732ca646aa2>@@$0A@@std@@@?$_Callable_obj@V<lambda_364e75aa895e992ae8821732ca646aa2>@@$0A@@std@@QAE@$$QAU01@@Z 1004e8d0 f i WinRTVFS.obj
 0002:00010940       ??$?0U?$_Callable_obj@V<lambda_39cde079c01d1b5b9307ff255a1ccdd9>@@$0A@@std@@@?$_Callable_obj@V<lambda_39cde079c01d1b5b9307ff255a1ccdd9>@@$0A@@std@@QAE@$$QAU01@@Z 1004e940 f i WinRTVFS.obj
 0002:000109b0       ??$?0U?$_Callable_obj@V<lambda_528650821c608ced6534641e311542a5>@@$0A@@std@@@?$_Callable_obj@V<lambda_528650821c608ced6534641e311542a5>@@$0A@@std@@QAE@$$QAU01@@Z 1004e9b0 f i WinRTVFS.obj
 0002:00010a20       ??$?0U?$_Callable_obj@V<lambda_579ccd68d569251046038e8620afec85>@@$0A@@std@@@?$_Callable_obj@V<lambda_579ccd68d569251046038e8620afec85>@@$0A@@std@@QAE@$$QAU01@@Z 1004ea20 f i WinRTVFS.obj
 0002:00010a90       ??$?0U?$_Callable_obj@V<lambda_9fc58f08a03183e50e06176727aeb396>@@$0A@@std@@@?$_Callable_obj@V<lambda_9fc58f08a03183e50e06176727aeb396>@@$0A@@std@@QAE@$$QAU01@@Z 1004ea90 f i WinRTVFS.obj
 0002:00010b00       ??$?0U?$_Callable_obj@V<lambda_a66b3ee15e662226a0b0b15ae647d32f>@@$0A@@std@@@?$_Callable_obj@V<lambda_a66b3ee15e662226a0b0b15ae647d32f>@@$0A@@std@@QAE@$$QAU01@@Z 1004eb00 f i WinRTVFS.obj
 0002:00010b70       ??$?0U?$_Callable_obj@V<lambda_c1a554f2383dae03f169289aed8c4103>@@$0A@@std@@@?$_Callable_obj@V<lambda_c1a554f2383dae03f169289aed8c4103>@@$0A@@std@@QAE@$$QAU01@@Z 1004eb70 f i WinRTVFS.obj
 0002:00010be0       ??$?0U?$_Callable_obj@V<lambda_c28a53003ed51cdfe295a7d756f98c2f>@@$0A@@std@@@?$_Callable_obj@V<lambda_c28a53003ed51cdfe295a7d756f98c2f>@@$0A@@std@@QAE@$$QAU01@@Z 1004ebe0 f i WinRTVFS.obj
 0002:00010c50       ??$?0U?$_Callable_obj@V<lambda_e7ef5f1e4e1eca0ae8efc6086cf9f417>@@$0A@@std@@@?$_Callable_obj@V<lambda_e7ef5f1e4e1eca0ae8efc6086cf9f417>@@$0A@@std@@QAE@$$QAU01@@Z 1004ec50 f i WinRTVFS.obj
 0002:00010cc0       ??$?0U?$_Task_impl@E@details@Concurrency@@X@?$shared_ptr@U_Task_impl_base@details@Concurrency@@@std@@QAE@ABV?$shared_ptr@U?$_Task_impl@E@details@Concurrency@@@1@@Z 1004ecc0 f i WinRTVFS.obj
 0002:00010d30       ??$?0U?$_Task_impl@E@details@Concurrency@@X@?$weak_ptr@U_Task_impl_base@details@Concurrency@@@std@@QAE@ABV?$shared_ptr@U?$_Task_impl@E@details@Concurrency@@@1@@Z 1004ed30 f i WinRTVFS.obj
 0002:00010da0       ??$?0U?$_Task_impl@I@details@Concurrency@@X@?$weak_ptr@U_Task_impl_base@details@Concurrency@@@std@@QAE@ABV?$shared_ptr@U?$_Task_impl@I@details@Concurrency@@@1@@Z 1004eda0 f i WinRTVFS.obj
 0002:00010e10       ??$?0U?$_Task_impl@P$AAUIBuffer@Streams@Storage@Windows@@@details@Concurrency@@X@?$weak_ptr@U_Task_impl_base@details@Concurrency@@@std@@QAE@ABV?$shared_ptr@U?$_Task_impl@P$AAUIBuffer@Streams@Storage@Windows@@@details@Concurrency@@@1@@Z 1004ee10 f i WinRTVFS.obj
 0002:00010e80       ??$?0U?$_Task_impl@P$AAUIRandomAccessStream@Streams@Storage@Windows@@@details@Concurrency@@X@?$weak_ptr@U_Task_impl_base@details@Concurrency@@@std@@QAE@ABV?$shared_ptr@U?$_Task_impl@P$AAUIRandomAccessStream@Streams@Storage@Windows@@@details@Concurrency@@@1@@Z 1004ee80 f i WinRTVFS.obj
 0002:00010ef0       ??$?0U?$_Task_impl@P$AAVStorageFile@Storage@Windows@@@details@Concurrency@@X@?$weak_ptr@U_Task_impl_base@details@Concurrency@@@std@@QAE@ABV?$shared_ptr@U?$_Task_impl@P$AAVStorageFile@Storage@Windows@@@details@Concurrency@@@1@@Z 1004eef0 f i WinRTVFS.obj
 0002:00010f60       ??$?0U?$_Task_impl@P$AAVStorageFolder@Storage@Windows@@@details@Concurrency@@X@?$weak_ptr@U_Task_impl_base@details@Concurrency@@@std@@QAE@ABV?$shared_ptr@U?$_Task_impl@P$AAVStorageFolder@Storage@Windows@@@details@Concurrency@@@1@@Z 1004ef60 f i WinRTVFS.obj
 0002:00010fd0       ??$?0U?$_Task_impl@_N@details@Concurrency@@X@?$weak_ptr@U_Task_impl_base@details@Concurrency@@@std@@QAE@ABV?$shared_ptr@U?$_Task_impl@_N@details@Concurrency@@@1@@Z 1004efd0 f i WinRTVFS.obj
 0002:00011040       ??$?0UIUnknown@@@?$ComPtr@UIUnknown@@@WRL@Microsoft@@QAE@PAUIUnknown@@@Z 1004f040 f i WinRTVFS.obj
 0002:000110a0       ??$?0U_Task_impl_base@details@Concurrency@@@?$shared_ptr@U_Task_impl_base@details@Concurrency@@@std@@QAE@ABV?$weak_ptr@U_Task_impl_base@details@Concurrency@@@1@_N@Z 1004f0a0 f i WinRTVFS.obj
 0002:00011110       ??$?0V<lambda_02d862f9cfc639ff7c37ca52d43e6a8c>@@@?$_Callable_obj@V<lambda_02d862f9cfc639ff7c37ca52d43e6a8c>@@$0A@@std@@QAE@$$QAV<lambda_02d862f9cfc639ff7c37ca52d43e6a8c>@@@Z 1004f110 f i WinRTVFS.obj
 0002:00011180       ??$?0V<lambda_02d862f9cfc639ff7c37ca52d43e6a8c>@@@?$function@$$A6AXXZ@std@@QAE@$$QAV<lambda_02d862f9cfc639ff7c37ca52d43e6a8c>@@@Z 1004f180 f i WinRTVFS.obj
 0002:00011240       ??$?0V<lambda_06940b0a4178dd98f799c96a43aa5761>@@@AsyncActionCompletedHandler@Foundation@Windows@@Q$AAA@V<lambda_06940b0a4178dd98f799c96a43aa5761>@@W4CallbackContext@Platform@@_N@Z 1004f240 f i WinRTVFS.obj
 0002:000113e0       ??$?0V<lambda_095a938ce4c5765dcc6b67f548aeb9c7>@@@?$_Callable_obj@V<lambda_095a938ce4c5765dcc6b67f548aeb9c7>@@$0A@@std@@QAE@$$QAV<lambda_095a938ce4c5765dcc6b67f548aeb9c7>@@@Z 1004f3e0 f i WinRTVFS.obj
 0002:00011450       ??$?0V<lambda_095a938ce4c5765dcc6b67f548aeb9c7>@@@?$function@$$A6AXXZ@std@@QAE@$$QAV<lambda_095a938ce4c5765dcc6b67f548aeb9c7>@@@Z 1004f450 f i WinRTVFS.obj
 0002:00011510       ??$?0V<lambda_0b7f78ec4ced38495cec46e0d346e0b9>@@@?$_Callable_obj@V<lambda_0b7f78ec4ced38495cec46e0d346e0b9>@@$0A@@std@@QAE@$$QAV<lambda_0b7f78ec4ced38495cec46e0d346e0b9>@@@Z 1004f510 f i WinRTVFS.obj
 0002:00011580       ??$?0V<lambda_0b7f78ec4ced38495cec46e0d346e0b9>@@@?$function@$$A6AXXZ@std@@QAE@$$QAV<lambda_0b7f78ec4ced38495cec46e0d346e0b9>@@@Z 1004f580 f i WinRTVFS.obj
 0002:00011640       ??$?0V<lambda_0fe479da16d43edb8e9a254c493d643e>@@@?$_Callable_obj@V<lambda_0fe479da16d43edb8e9a254c493d643e>@@$0A@@std@@QAE@$$QAV<lambda_0fe479da16d43edb8e9a254c493d643e>@@@Z 1004f640 f i WinRTVFS.obj
 0002:000116b0       ??$?0V<lambda_0fe479da16d43edb8e9a254c493d643e>@@@?$function@$$A6AXXZ@std@@QAE@$$QAV<lambda_0fe479da16d43edb8e9a254c493d643e>@@@Z 1004f6b0 f i WinRTVFS.obj
 0002:00011770       ??$?0V<lambda_1a93da980d6fe77644a4eefc4e1ad756>@@@?$_Callable_obj@V<lambda_1a93da980d6fe77644a4eefc4e1ad756>@@$0A@@std@@QAE@$$QAV<lambda_1a93da980d6fe77644a4eefc4e1ad756>@@@Z 1004f770 f i WinRTVFS.obj
 0002:000117e0       ??$?0V<lambda_1a93da980d6fe77644a4eefc4e1ad756>@@@?$function@$$A6AXABH@Z@std@@QAE@$$QAV<lambda_1a93da980d6fe77644a4eefc4e1ad756>@@@Z 1004f7e0 f i WinRTVFS.obj
 0002:000118a0       ??$?0V<lambda_295bc5f846209cba149a5e74d0d63a72>@@@?$_Callable_obj@V<lambda_295bc5f846209cba149a5e74d0d63a72>@@$0A@@std@@QAE@$$QAV<lambda_295bc5f846209cba149a5e74d0d63a72>@@@Z 1004f8a0 f i WinRTVFS.obj
 0002:00011910       ??$?0V<lambda_295bc5f846209cba149a5e74d0d63a72>@@@?$function@$$A6AXPAV?$message@H@Concurrency@@@Z@std@@QAE@$$QAV<lambda_295bc5f846209cba149a5e74d0d63a72>@@@Z 1004f910 f i WinRTVFS.obj
 0002:000119d0       ??$?0V<lambda_364e75aa895e992ae8821732ca646aa2>@@@?$_Callable_obj@V<lambda_364e75aa895e992ae8821732ca646aa2>@@$0A@@std@@QAE@$$QAV<lambda_364e75aa895e992ae8821732ca646aa2>@@@Z 1004f9d0 f i WinRTVFS.obj
 0002:00011a40       ??$?0V<lambda_364e75aa895e992ae8821732ca646aa2>@@@?$function@$$A6AXXZ@std@@QAE@$$QAV<lambda_364e75aa895e992ae8821732ca646aa2>@@@Z 1004fa40 f i WinRTVFS.obj
 0002:00011b00       ??$?0V<lambda_39cde079c01d1b5b9307ff255a1ccdd9>@@@?$_Callable_obj@V<lambda_39cde079c01d1b5b9307ff255a1ccdd9>@@$0A@@std@@QAE@$$QAV<lambda_39cde079c01d1b5b9307ff255a1ccdd9>@@@Z 1004fb00 f i WinRTVFS.obj
 0002:00011b70       ??$?0V<lambda_39cde079c01d1b5b9307ff255a1ccdd9>@@@?$function@$$A6AEE@Z@std@@QAE@$$QAV<lambda_39cde079c01d1b5b9307ff255a1ccdd9>@@@Z 1004fb70 f i WinRTVFS.obj
 0002:00011c30       ??$?0V<lambda_3e0d823744565aaa3c572230ef0680e7>@@@?$AsyncOperationWithProgressCompletedHandler@P$AAUIBuffer@Streams@Storage@Windows@@I@Foundation@Windows@@Q$AAA@V<lambda_3e0d823744565aaa3c572230ef0680e7>@@W4CallbackContext@Platform@@_N@Z 1004fc30 f i WinRTVFS.obj
 0002:00011dd0       ??$?0V<lambda_50a95a3b918e2a131c7de197f9d43680>@@@?$AsyncOperationCompletedHandler@I@Foundation@Windows@@Q$AAA@V<lambda_50a95a3b918e2a131c7de197f9d43680>@@W4CallbackContext@Platform@@_N@Z 1004fdd0 f i WinRTVFS.obj
 0002:00011f70       ??$?0V<lambda_528650821c608ced6534641e311542a5>@@@?$_Callable_obj@V<lambda_528650821c608ced6534641e311542a5>@@$0A@@std@@QAE@$$QAV<lambda_528650821c608ced6534641e311542a5>@@@Z 1004ff70 f i WinRTVFS.obj
 0002:00011fe0       ??$?0V<lambda_528650821c608ced6534641e311542a5>@@@?$function@$$A6AXXZ@std@@QAE@$$QAV<lambda_528650821c608ced6534641e311542a5>@@@Z 1004ffe0 f i WinRTVFS.obj
 0002:000120a0       ??$?0V<lambda_579ccd68d569251046038e8620afec85>@@@?$_Callable_obj@V<lambda_579ccd68d569251046038e8620afec85>@@$0A@@std@@QAE@$$QAV<lambda_579ccd68d569251046038e8620afec85>@@@Z 100500a0 f i WinRTVFS.obj
 0002:00012110       ??$?0V<lambda_579ccd68d569251046038e8620afec85>@@@?$function@$$A6AXPAV?$message@H@Concurrency@@@Z@std@@QAE@$$QAV<lambda_579ccd68d569251046038e8620afec85>@@@Z 10050110 f i WinRTVFS.obj
 0002:000121d0       ??$?0V<lambda_58b35b2c39cebe76475502e8be1fa050>@@@?$AsyncOperationCompletedHandler@P$AAUIRandomAccessStream@Streams@Storage@Windows@@@Foundation@Windows@@Q$AAA@V<lambda_58b35b2c39cebe76475502e8be1fa050>@@W4CallbackContext@Platform@@_N@Z 100501d0 f i WinRTVFS.obj
 0002:00012370       ??$?0V<lambda_78c8bde34479949ab00939bfc3c21b9e>@@@?$AsyncOperationCompletedHandler@_N@Foundation@Windows@@Q$AAA@V<lambda_78c8bde34479949ab00939bfc3c21b9e>@@W4CallbackContext@Platform@@_N@Z 10050370 f i WinRTVFS.obj
 0002:00012510       ??$?0V<lambda_7a641106db6b220fc1bd53009e5e1b6e>@@@?$AsyncOperationWithProgressCompletedHandler@II@Foundation@Windows@@Q$AAA@V<lambda_7a641106db6b220fc1bd53009e5e1b6e>@@W4CallbackContext@Platform@@_N@Z 10050510 f i WinRTVFS.obj
 0002:000126b0       ??$?0V<lambda_8b35f48eeaabe3dd7cb14b365c80a64b>@@@?$AsyncOperationCompletedHandler@P$AAUIBuffer@Streams@Storage@Windows@@@Foundation@Windows@@Q$AAA@V<lambda_8b35f48eeaabe3dd7cb14b365c80a64b>@@W4CallbackContext@Platform@@_N@Z 100506b0 f i WinRTVFS.obj
 0002:00012850       ??$?0V<lambda_9fc58f08a03183e50e06176727aeb396>@@@?$function@$$A6AXXZ@std@@QAE@ABV<lambda_9fc58f08a03183e50e06176727aeb396>@@@Z 10050850 f i WinRTVFS.obj
 0002:00012900       ??$?0V<lambda_a66b3ee15e662226a0b0b15ae647d32f>@@@?$_Callable_obj@V<lambda_a66b3ee15e662226a0b0b15ae647d32f>@@$0A@@std@@QAE@$$QAV<lambda_a66b3ee15e662226a0b0b15ae647d32f>@@@Z 10050900 f i WinRTVFS.obj
 0002:00012970       ??$?0V<lambda_a66b3ee15e662226a0b0b15ae647d32f>@@@?$function@$$A6AXXZ@std@@QAE@$$QAV<lambda_a66b3ee15e662226a0b0b15ae647d32f>@@@Z 10050970 f i WinRTVFS.obj
 0002:00012a30       ??$?0V<lambda_b5ec294d64b7ae7d96b9bd52c133d46d>@@@?$AsyncOperationCompletedHandler@E@Foundation@Windows@@Q$AAA@V<lambda_b5ec294d64b7ae7d96b9bd52c133d46d>@@W4CallbackContext@Platform@@_N@Z 10050a30 f i WinRTVFS.obj
 0002:00012bd0       ??$?0V<lambda_c124a470bc399dc48f76de2d0d06ac02>@@@?$AsyncOperationCompletedHandler@P$AAVStorageFolder@Storage@Windows@@@Foundation@Windows@@Q$AAA@V<lambda_c124a470bc399dc48f76de2d0d06ac02>@@W4CallbackContext@Platform@@_N@Z 10050bd0 f i WinRTVFS.obj
 0002:00012d70       ??$?0V<lambda_c1a554f2383dae03f169289aed8c4103>@@@?$_Callable_obj@V<lambda_c1a554f2383dae03f169289aed8c4103>@@$0A@@std@@QAE@$$QAV<lambda_c1a554f2383dae03f169289aed8c4103>@@@Z 10050d70 f i WinRTVFS.obj
 0002:00012de0       ??$?0V<lambda_c1a554f2383dae03f169289aed8c4103>@@@?$function@$$A6AXXZ@std@@QAE@$$QAV<lambda_c1a554f2383dae03f169289aed8c4103>@@@Z 10050de0 f i WinRTVFS.obj
 0002:00012ea0       ??$?0V<lambda_c28a53003ed51cdfe295a7d756f98c2f>@@@?$_Callable_obj@V<lambda_c28a53003ed51cdfe295a7d756f98c2f>@@$0A@@std@@QAE@$$QAV<lambda_c28a53003ed51cdfe295a7d756f98c2f>@@@Z 10050ea0 f i WinRTVFS.obj
 0002:00012f10       ??$?0V<lambda_c28a53003ed51cdfe295a7d756f98c2f>@@@?$function@$$A6AXPAV?$message@H@Concurrency@@@Z@std@@QAE@$$QAV<lambda_c28a53003ed51cdfe295a7d756f98c2f>@@@Z 10050f10 f i WinRTVFS.obj
 0002:00012fd0       ??$?0V<lambda_e7ef5f1e4e1eca0ae8efc6086cf9f417>@@@?$_Callable_obj@V<lambda_e7ef5f1e4e1eca0ae8efc6086cf9f417>@@$0A@@std@@QAE@$$QAV<lambda_e7ef5f1e4e1eca0ae8efc6086cf9f417>@@@Z 10050fd0 f i WinRTVFS.obj
 0002:00013040       ??$?0V<lambda_e7ef5f1e4e1eca0ae8efc6086cf9f417>@@@?$function@$$A6AXXZ@std@@QAE@$$QAV<lambda_e7ef5f1e4e1eca0ae8efc6086cf9f417>@@@Z 10051040 f i WinRTVFS.obj
 0002:00013100       ??$?0V<lambda_f0a7c2b0a64e3b533e4acd91ff29d36c>@@@?$AsyncOperationCompletedHandler@P$AAVStorageFile@Storage@Windows@@@Foundation@Windows@@Q$AAA@V<lambda_f0a7c2b0a64e3b533e4acd91ff29d36c>@@W4CallbackContext@Platform@@_N@Z 10051100 f i WinRTVFS.obj
 0002:000132a0       ??$?0V?$_Func_class@EE@std@@@?$allocator@V?$_Func_impl@U?$_Callable_obj@V<lambda_39cde079c01d1b5b9307ff255a1ccdd9>@@$0A@@std@@V?$allocator@V?$_Func_class@EE@std@@@2@EE@std@@@std@@QAE@ABV?$allocator@V?$_Func_class@EE@std@@@1@@Z 100512a0 f i WinRTVFS.obj
 0002:000132e0       ??$?0V?$_Func_class@X$$$V@std@@@?$allocator@V?$_Func_impl@U?$_Callable_obj@V<lambda_02d862f9cfc639ff7c37ca52d43e6a8c>@@$0A@@std@@V?$allocator@V?$_Func_class@X$$$V@std@@@2@X$$$V@std@@@std@@QAE@ABV?$allocator@V?$_Func_class@X$$$V@std@@@1@@Z 100512e0 f i WinRTVFS.obj
 0002:00013320       ??$?0V?$_Func_class@X$$$V@std@@@?$allocator@V?$_Func_impl@U?$_Callable_obj@V<lambda_095a938ce4c5765dcc6b67f548aeb9c7>@@$0A@@std@@V?$allocator@V?$_Func_class@X$$$V@std@@@2@X$$$V@std@@@std@@QAE@ABV?$allocator@V?$_Func_class@X$$$V@std@@@1@@Z 10051320 f i WinRTVFS.obj
 0002:00013360       ??$?0V?$_Func_class@X$$$V@std@@@?$allocator@V?$_Func_impl@U?$_Callable_obj@V<lambda_0b7f78ec4ced38495cec46e0d346e0b9>@@$0A@@std@@V?$allocator@V?$_Func_class@X$$$V@std@@@2@X$$$V@std@@@std@@QAE@ABV?$allocator@V?$_Func_class@X$$$V@std@@@1@@Z 10051360 f i WinRTVFS.obj
 0002:000133a0       ??$?0V?$_Func_class@X$$$V@std@@@?$allocator@V?$_Func_impl@U?$_Callable_obj@V<lambda_0fe479da16d43edb8e9a254c493d643e>@@$0A@@std@@V?$allocator@V?$_Func_class@X$$$V@std@@@2@X$$$V@std@@@std@@QAE@ABV?$allocator@V?$_Func_class@X$$$V@std@@@1@@Z 100513a0 f i WinRTVFS.obj
 0002:000133e0       ??$?0V?$_Func_class@X$$$V@std@@@?$allocator@V?$_Func_impl@U?$_Callable_obj@V<lambda_364e75aa895e992ae8821732ca646aa2>@@$0A@@std@@V?$allocator@V?$_Func_class@X$$$V@std@@@2@X$$$V@std@@@std@@QAE@ABV?$allocator@V?$_Func_class@X$$$V@std@@@1@@Z 100513e0 f i WinRTVFS.obj
 0002:00013420       ??$?0V?$_Func_class@X$$$V@std@@@?$allocator@V?$_Func_impl@U?$_Callable_obj@V<lambda_528650821c608ced6534641e311542a5>@@$0A@@std@@V?$allocator@V?$_Func_class@X$$$V@std@@@2@X$$$V@std@@@std@@QAE@ABV?$allocator@V?$_Func_class@X$$$V@std@@@1@@Z 10051420 f i WinRTVFS.obj
 0002:00013460       ??$?0V?$_Func_class@X$$$V@std@@@?$allocator@V?$_Func_impl@U?$_Callable_obj@V<lambda_9fc58f08a03183e50e06176727aeb396>@@$0A@@std@@V?$allocator@V?$_Func_class@X$$$V@std@@@2@X$$$V@std@@@std@@QAE@ABV?$allocator@V?$_Func_class@X$$$V@std@@@1@@Z 10051460 f i WinRTVFS.obj
 0002:000134a0       ??$?0V?$_Func_class@X$$$V@std@@@?$allocator@V?$_Func_impl@U?$_Callable_obj@V<lambda_a66b3ee15e662226a0b0b15ae647d32f>@@$0A@@std@@V?$allocator@V?$_Func_class@X$$$V@std@@@2@X$$$V@std@@@std@@QAE@ABV?$allocator@V?$_Func_class@X$$$V@std@@@1@@Z 100514a0 f i WinRTVFS.obj
 0002:000134e0       ??$?0V?$_Func_class@X$$$V@std@@@?$allocator@V?$_Func_impl@U?$_Callable_obj@V<lambda_c1a554f2383dae03f169289aed8c4103>@@$0A@@std@@V?$allocator@V?$_Func_class@X$$$V@std@@@2@X$$$V@std@@@std@@QAE@ABV?$allocator@V?$_Func_class@X$$$V@std@@@1@@Z 100514e0 f i WinRTVFS.obj
 0002:00013520       ??$?0V?$_Func_class@X$$$V@std@@@?$allocator@V?$_Func_impl@U?$_Callable_obj@V<lambda_e7ef5f1e4e1eca0ae8efc6086cf9f417>@@$0A@@std@@V?$allocator@V?$_Func_class@X$$$V@std@@@2@X$$$V@std@@@std@@QAE@ABV?$allocator@V?$_Func_class@X$$$V@std@@@1@@Z 10051520 f i WinRTVFS.obj
 0002:00013560       ??$?0V?$_Func_class@XABH@std@@@?$allocator@V?$_Func_impl@U?$_Callable_obj@V<lambda_1a93da980d6fe77644a4eefc4e1ad756>@@$0A@@std@@V?$allocator@V?$_Func_class@XABH@std@@@2@XABH@std@@@std@@QAE@ABV?$allocator@V?$_Func_class@XABH@std@@@1@@Z 10051560 f i WinRTVFS.obj
 0002:000135a0       ??$?0V?$_Func_class@XPAV?$message@H@Concurrency@@@std@@@?$allocator@V?$_Func_impl@U?$_Callable_obj@V<lambda_295bc5f846209cba149a5e74d0d63a72>@@$0A@@std@@V?$allocator@V?$_Func_class@XPAV?$message@H@Concurrency@@@std@@@2@XPAV?$message@H@Concurrency@@@std@@@std@@QAE@ABV?$allocator@V?$_Func_class@XPAV?$message@H@Concurrency@@@std@@@1@@Z 100515a0 f i WinRTVFS.obj
 0002:000135e0       ??$?0V?$_Func_class@XPAV?$message@H@Concurrency@@@std@@@?$allocator@V?$_Func_impl@U?$_Callable_obj@V<lambda_579ccd68d569251046038e8620afec85>@@$0A@@std@@V?$allocator@V?$_Func_class@XPAV?$message@H@Concurrency@@@std@@@2@XPAV?$message@H@Concurrency@@@std@@@std@@QAE@ABV?$allocator@V?$_Func_class@XPAV?$message@H@Concurrency@@@std@@@1@@Z 100515e0 f i WinRTVFS.obj
 0002:00013620       ??$?0V?$_Func_class@XPAV?$message@H@Concurrency@@@std@@@?$allocator@V?$_Func_impl@U?$_Callable_obj@V<lambda_c28a53003ed51cdfe295a7d756f98c2f>@@$0A@@std@@V?$allocator@V?$_Func_class@XPAV?$message@H@Concurrency@@@std@@@2@XPAV?$message@H@Concurrency@@@std@@@std@@QAE@ABV?$allocator@V?$_Func_class@XPAV?$message@H@Concurrency@@@std@@@1@@Z 10051620 f i WinRTVFS.obj
 0002:00013660       ??$?0V?$task_completion_event@X@Concurrency@@@?$task@X@Concurrency@@QAE@V?$task_completion_event@X@1@ABVtask_options@1@@Z 10051660 f i WinRTVFS.obj
 0002:00013980       ??$?8$$A6AXPAV?$message@H@Concurrency@@@Z@std@@YA_NABV?$function@$$A6AXPAV?$message@H@Concurrency@@@Z@0@$$T@Z 10051980 f i WinRTVFS.obj
 0002:00013a00       ??$?8$$A6AXXZ@std@@YA_NABV?$function@$$A6AXXZ@0@$$T@Z 10051a00 f i WinRTVFS.obj
 0002:00013a80       ??$?8PAXPAX@std@@YA_NABV?$allocator@PAX@0@0@Z 10051a80 f i WinRTVFS.obj
 0002:00013ab0       ??$?8UIUnknown@@@WRL@Microsoft@@YA_NABV?$ComPtr@UIUnknown@@@01@$$T@Z 10051ab0 f i WinRTVFS.obj
 0002:00013b20       ??$?8U_ExceptionHolder@details@Concurrency@@@std@@YA_NABV?$shared_ptr@U_ExceptionHolder@details@Concurrency@@@0@$$T@Z 10051b20 f i WinRTVFS.obj
 0002:00013b90       ??$?8U_Task_impl_base@details@Concurrency@@@std@@YA_NABV?$shared_ptr@U_Task_impl_base@details@Concurrency@@@0@$$T@Z 10051b90 f i WinRTVFS.obj
 0002:00013c00       ??$?8V?$allocator@PAX@std@@V01@@std@@YA_NABU?$_Wrap_alloc@V?$allocator@PAX@std@@@0@0@Z 10051c00 f i WinRTVFS.obj
 0002:00013c70       ??$?8V?$allocator@V?$shared_ptr@U?$_Task_impl@E@details@Concurrency@@@std@@@std@@V01@@std@@YA_NABU?$_Wrap_alloc@V?$allocator@V?$shared_ptr@U?$_Task_impl@E@details@Concurrency@@@std@@@std@@@0@0@Z 10051c70 f i WinRTVFS.obj
 0002:00013ce0       ??$?8V?$shared_ptr@U?$_Task_impl@E@details@Concurrency@@@std@@V01@@std@@YA_NABV?$allocator@V?$shared_ptr@U?$_Task_impl@E@details@Concurrency@@@std@@@0@0@Z 10051ce0 f i WinRTVFS.obj
 0002:00013d10       ??$?9$$A6AXXZ@std@@YA_NABV?$function@$$A6AXXZ@0@$$T@Z 10051d10 f i WinRTVFS.obj
 0002:00013d90       ??$?9U_ExceptionHolder@details@Concurrency@@@std@@YA_NABV?$shared_ptr@U_ExceptionHolder@details@Concurrency@@@0@$$T@Z 10051d90 f i WinRTVFS.obj
 0002:00013e10       ??$?9U_Task_impl_base@details@Concurrency@@@std@@YA_NABV?$shared_ptr@U_Task_impl_base@details@Concurrency@@@0@$$T@Z 10051e10 f i WinRTVFS.obj
 0002:00013e90       ??$?9V?$allocator@PAX@std@@V01@@std@@YA_NABU?$_Wrap_alloc@V?$allocator@PAX@std@@@0@0@Z 10051e90 f i WinRTVFS.obj
 0002:00013f10       ??$GetProxy@U?$IAsyncOperationWithProgress@II@Foundation@Windows@@@Details@Platform@@YAJP$AAU?$IAsyncOperationWithProgress@II@Foundation@Windows@@PAUIUnknown@@PAP$AAU234@@Z 10051f10 f i WinRTVFS.obj
 0002:00013f80       ??$GetProxy@U?$IAsyncOperationWithProgress@P$AAUIBuffer@Streams@Storage@Windows@@I@Foundation@Windows@@@Details@Platform@@YAJP$AAU?$IAsyncOperationWithProgress@P$AAUIBuffer@Streams@Storage@Windows@@I@Foundation@Windows@@PAUIUnknown@@PAP$AAU234@@Z 10051f80 f i WinRTVFS.obj
 0002:00013ff0       ??$GetProxy@UIAsyncAction@Foundation@Windows@@@Details@Platform@@YAJP$AAUIAsyncAction@Foundation@Windows@@PAUIUnknown@@PAP$AAU234@@Z 10051ff0 f i WinRTVFS.obj
 0002:00014060       ??$GetProxy@UIBuffer@Streams@Storage@Windows@@@Details@Platform@@YAJP$AAUIBuffer@Streams@Storage@Windows@@PAUIUnknown@@PAP$AAU2345@@Z 10052060 f i WinRTVFS.obj
 0002:000140d0       ??$GetProxy@UIRandomAccessStream@Streams@Storage@Windows@@@Details@Platform@@YAJP$AAUIRandomAccessStream@Streams@Storage@Windows@@PAUIUnknown@@PAP$AAU2345@@Z 100520d0 f i WinRTVFS.obj
 0002:00014140       ??$IID_PPV_ARGS_Helper@V?$ComPtr@UIBufferByteAccess@Streams@Storage@Windows@@@WRL@Microsoft@@@@YAPAPAXV?$ComPtrRef@V?$ComPtr@UIBufferByteAccess@Streams@Storage@Windows@@@WRL@Microsoft@@@Details@WRL@Microsoft@@@Z 10052140 f i WinRTVFS.obj
 0002:00014190       ??$ReleaseInContext@UIUnknown@@@Details@Platform@@YAJPAUIUnknown@@0@Z 10052190 f i WinRTVFS.obj
 0002:000141f0       ??$_Allocate@PAX@std@@YAPAPAXIPAPAX@Z 100521f0 f i WinRTVFS.obj
 0002:00014290       ??$_Allocate@V?$_Func_impl@U?$_Callable_obj@V<lambda_02d862f9cfc639ff7c37ca52d43e6a8c>@@$0A@@std@@V?$allocator@V?$_Func_class@X$$$V@std@@@2@X$$$V@std@@@std@@YAPAV?$_Func_impl@U?$_Callable_obj@V<lambda_02d862f9cfc639ff7c37ca52d43e6a8c>@@$0A@@std@@V?$allocator@V?$_Func_class@X$$$V@std@@@2@X$$$V@0@IPAV10@@Z 10052290 f i WinRTVFS.obj
 0002:00014320       ??$_Allocate@V?$_Func_impl@U?$_Callable_obj@V<lambda_095a938ce4c5765dcc6b67f548aeb9c7>@@$0A@@std@@V?$allocator@V?$_Func_class@X$$$V@std@@@2@X$$$V@std@@@std@@YAPAV?$_Func_impl@U?$_Callable_obj@V<lambda_095a938ce4c5765dcc6b67f548aeb9c7>@@$0A@@std@@V?$allocator@V?$_Func_class@X$$$V@std@@@2@X$$$V@0@IPAV10@@Z 10052320 f i WinRTVFS.obj
 0002:000143b0       ??$_Allocate@V?$_Func_impl@U?$_Callable_obj@V<lambda_0b7f78ec4ced38495cec46e0d346e0b9>@@$0A@@std@@V?$allocator@V?$_Func_class@X$$$V@std@@@2@X$$$V@std@@@std@@YAPAV?$_Func_impl@U?$_Callable_obj@V<lambda_0b7f78ec4ced38495cec46e0d346e0b9>@@$0A@@std@@V?$allocator@V?$_Func_class@X$$$V@std@@@2@X$$$V@0@IPAV10@@Z 100523b0 f i WinRTVFS.obj
 0002:00014440       ??$_Allocate@V?$_Func_impl@U?$_Callable_obj@V<lambda_0fe479da16d43edb8e9a254c493d643e>@@$0A@@std@@V?$allocator@V?$_Func_class@X$$$V@std@@@2@X$$$V@std@@@std@@YAPAV?$_Func_impl@U?$_Callable_obj@V<lambda_0fe479da16d43edb8e9a254c493d643e>@@$0A@@std@@V?$allocator@V?$_Func_class@X$$$V@std@@@2@X$$$V@0@IPAV10@@Z 10052440 f i WinRTVFS.obj
 0002:000144d0       ??$_Allocate@V?$_Func_impl@U?$_Callable_obj@V<lambda_1a93da980d6fe77644a4eefc4e1ad756>@@$0A@@std@@V?$allocator@V?$_Func_class@XABH@std@@@2@XABH@std@@@std@@YAPAV?$_Func_impl@U?$_Callable_obj@V<lambda_1a93da980d6fe77644a4eefc4e1ad756>@@$0A@@std@@V?$allocator@V?$_Func_class@XABH@std@@@2@XABH@0@IPAV10@@Z 100524d0 f i WinRTVFS.obj
 0002:00014570       ??$_Allocate@V?$_Func_impl@U?$_Callable_obj@V<lambda_295bc5f846209cba149a5e74d0d63a72>@@$0A@@std@@V?$allocator@V?$_Func_class@XPAV?$message@H@Concurrency@@@std@@@2@XPAV?$message@H@Concurrency@@@std@@@std@@YAPAV?$_Func_impl@U?$_Callable_obj@V<lambda_295bc5f846209cba149a5e74d0d63a72>@@$0A@@std@@V?$allocator@V?$_Func_class@XPAV?$message@H@Concurrency@@@std@@@2@XPAV?$message@H@Concurrency@@@0@IPAV10@@Z 10052570 f i WinRTVFS.obj
 0002:00014600       ??$_Allocate@V?$_Func_impl@U?$_Callable_obj@V<lambda_364e75aa895e992ae8821732ca646aa2>@@$0A@@std@@V?$allocator@V?$_Func_class@X$$$V@std@@@2@X$$$V@std@@@std@@YAPAV?$_Func_impl@U?$_Callable_obj@V<lambda_364e75aa895e992ae8821732ca646aa2>@@$0A@@std@@V?$allocator@V?$_Func_class@X$$$V@std@@@2@X$$$V@0@IPAV10@@Z 10052600 f i WinRTVFS.obj
 0002:00014690       ??$_Allocate@V?$_Func_impl@U?$_Callable_obj@V<lambda_39cde079c01d1b5b9307ff255a1ccdd9>@@$0A@@std@@V?$allocator@V?$_Func_class@EE@std@@@2@EE@std@@@std@@YAPAV?$_Func_impl@U?$_Callable_obj@V<lambda_39cde079c01d1b5b9307ff255a1ccdd9>@@$0A@@std@@V?$allocator@V?$_Func_class@EE@std@@@2@EE@0@IPAV10@@Z 10052690 f i WinRTVFS.obj
 0002:00014720       ??$_Allocate@V?$_Func_impl@U?$_Callable_obj@V<lambda_528650821c608ced6534641e311542a5>@@$0A@@std@@V?$allocator@V?$_Func_class@X$$$V@std@@@2@X$$$V@std@@@std@@YAPAV?$_Func_impl@U?$_Callable_obj@V<lambda_528650821c608ced6534641e311542a5>@@$0A@@std@@V?$allocator@V?$_Func_class@X$$$V@std@@@2@X$$$V@0@IPAV10@@Z 10052720 f i WinRTVFS.obj
 0002:000147b0       ??$_Allocate@V?$_Func_impl@U?$_Callable_obj@V<lambda_579ccd68d569251046038e8620afec85>@@$0A@@std@@V?$allocator@V?$_Func_class@XPAV?$message@H@Concurrency@@@std@@@2@XPAV?$message@H@Concurrency@@@std@@@std@@YAPAV?$_Func_impl@U?$_Callable_obj@V<lambda_579ccd68d569251046038e8620afec85>@@$0A@@std@@V?$allocator@V?$_Func_class@XPAV?$message@H@Concurrency@@@std@@@2@XPAV?$message@H@Concurrency@@@0@IPAV10@@Z 100527b0 f i WinRTVFS.obj
 0002:00014840       ??$_Allocate@V?$_Func_impl@U?$_Callable_obj@V<lambda_9fc58f08a03183e50e06176727aeb396>@@$0A@@std@@V?$allocator@V?$_Func_class@X$$$V@std@@@2@X$$$V@std@@@std@@YAPAV?$_Func_impl@U?$_Callable_obj@V<lambda_9fc58f08a03183e50e06176727aeb396>@@$0A@@std@@V?$allocator@V?$_Func_class@X$$$V@std@@@2@X$$$V@0@IPAV10@@Z 10052840 f i WinRTVFS.obj
 0002:000148e0       ??$_Allocate@V?$_Func_impl@U?$_Callable_obj@V<lambda_a66b3ee15e662226a0b0b15ae647d32f>@@$0A@@std@@V?$allocator@V?$_Func_class@X$$$V@std@@@2@X$$$V@std@@@std@@YAPAV?$_Func_impl@U?$_Callable_obj@V<lambda_a66b3ee15e662226a0b0b15ae647d32f>@@$0A@@std@@V?$allocator@V?$_Func_class@X$$$V@std@@@2@X$$$V@0@IPAV10@@Z 100528e0 f i WinRTVFS.obj
 0002:00014970       ??$_Allocate@V?$_Func_impl@U?$_Callable_obj@V<lambda_c1a554f2383dae03f169289aed8c4103>@@$0A@@std@@V?$allocator@V?$_Func_class@X$$$V@std@@@2@X$$$V@std@@@std@@YAPAV?$_Func_impl@U?$_Callable_obj@V<lambda_c1a554f2383dae03f169289aed8c4103>@@$0A@@std@@V?$allocator@V?$_Func_class@X$$$V@std@@@2@X$$$V@0@IPAV10@@Z 10052970 f i WinRTVFS.obj
 0002:00014a00       ??$_Allocate@V?$_Func_impl@U?$_Callable_obj@V<lambda_c28a53003ed51cdfe295a7d756f98c2f>@@$0A@@std@@V?$allocator@V?$_Func_class@XPAV?$message@H@Concurrency@@@std@@@2@XPAV?$message@H@Concurrency@@@std@@@std@@YAPAV?$_Func_impl@U?$_Callable_obj@V<lambda_c28a53003ed51cdfe295a7d756f98c2f>@@$0A@@std@@V?$allocator@V?$_Func_class@XPAV?$message@H@Concurrency@@@std@@@2@XPAV?$message@H@Concurrency@@@0@IPAV10@@Z 10052a00 f i WinRTVFS.obj
 0002:00014a90       ??$_Allocate@V?$_Func_impl@U?$_Callable_obj@V<lambda_e7ef5f1e4e1eca0ae8efc6086cf9f417>@@$0A@@std@@V?$allocator@V?$_Func_class@X$$$V@std@@@2@X$$$V@std@@@std@@YAPAV?$_Func_impl@U?$_Callable_obj@V<lambda_e7ef5f1e4e1eca0ae8efc6086cf9f417>@@$0A@@std@@V?$allocator@V?$_Func_class@X$$$V@std@@@2@X$$$V@0@IPAV10@@Z 10052a90 f i WinRTVFS.obj
 0002:00014b20       ??$_Allocate@V?$shared_ptr@U?$_Task_impl@E@details@Concurrency@@@std@@@std@@YAPAV?$shared_ptr@U?$_Task_impl@E@details@Concurrency@@@0@IPAV10@@Z 10052b20 f i WinRTVFS.obj
 0002:00014bc0       ??$_ApplyX@EE@?$_Callable_obj@V<lambda_39cde079c01d1b5b9307ff255a1ccdd9>@@$0A@@std@@QAEE$$QAE@Z 10052bc0 f i WinRTVFS.obj
 0002:00014c30       ??$_ApplyX@X$$$V@?$_Callable_obj@V<lambda_02d862f9cfc639ff7c37ca52d43e6a8c>@@$0A@@std@@QAEXXZ 10052c30 f i WinRTVFS.obj
 0002:00014c90       ??$_ApplyX@X$$$V@?$_Callable_obj@V<lambda_095a938ce4c5765dcc6b67f548aeb9c7>@@$0A@@std@@QAEXXZ 10052c90 f i WinRTVFS.obj
 0002:00014cf0       ??$_ApplyX@X$$$V@?$_Callable_obj@V<lambda_0b7f78ec4ced38495cec46e0d346e0b9>@@$0A@@std@@QAEXXZ 10052cf0 f i WinRTVFS.obj
 0002:00014d50       ??$_ApplyX@X$$$V@?$_Callable_obj@V<lambda_0fe479da16d43edb8e9a254c493d643e>@@$0A@@std@@QAEXXZ 10052d50 f i WinRTVFS.obj
 0002:00014db0       ??$_ApplyX@X$$$V@?$_Callable_obj@V<lambda_364e75aa895e992ae8821732ca646aa2>@@$0A@@std@@QAEXXZ 10052db0 f i WinRTVFS.obj
 0002:00014e10       ??$_ApplyX@X$$$V@?$_Callable_obj@V<lambda_528650821c608ced6534641e311542a5>@@$0A@@std@@QAEXXZ 10052e10 f i WinRTVFS.obj
 0002:00014e70       ??$_ApplyX@X$$$V@?$_Callable_obj@V<lambda_9fc58f08a03183e50e06176727aeb396>@@$0A@@std@@QAEXXZ 10052e70 f i WinRTVFS.obj
 0002:00014ed0       ??$_ApplyX@X$$$V@?$_Callable_obj@V<lambda_a66b3ee15e662226a0b0b15ae647d32f>@@$0A@@std@@QAEXXZ 10052ed0 f i WinRTVFS.obj
 0002:00014f30       ??$_ApplyX@X$$$V@?$_Callable_obj@V<lambda_c1a554f2383dae03f169289aed8c4103>@@$0A@@std@@QAEXXZ 10052f30 f i WinRTVFS.obj
 0002:00014f90       ??$_ApplyX@X$$$V@?$_Callable_obj@V<lambda_e7ef5f1e4e1eca0ae8efc6086cf9f417>@@$0A@@std@@QAEXXZ 10052f90 f i WinRTVFS.obj
 0002:00014ff0       ??$_ApplyX@XABH@?$_Callable_obj@V<lambda_1a93da980d6fe77644a4eefc4e1ad756>@@$0A@@std@@QAEXABH@Z 10052ff0 f i WinRTVFS.obj
 0002:00015060       ??$_ApplyX@XPAV?$message@H@Concurrency@@@?$_Callable_obj@V<lambda_295bc5f846209cba149a5e74d0d63a72>@@$0A@@std@@QAEX$$QAPAV?$message@H@Concurrency@@@Z 10053060 f i WinRTVFS.obj
 0002:000150d0       ??$_ApplyX@XPAV?$message@H@Concurrency@@@?$_Callable_obj@V<lambda_579ccd68d569251046038e8620afec85>@@$0A@@std@@QAEX$$QAPAV?$message@H@Concurrency@@@Z 100530d0 f i WinRTVFS.obj
 0002:00015140       ??$_ApplyX@XPAV?$message@H@Concurrency@@@?$_Callable_obj@V<lambda_c28a53003ed51cdfe295a7d756f98c2f>@@$0A@@std@@QAEX$$QAPAV?$message@H@Concurrency@@@Z 10053140 f i WinRTVFS.obj
 0002:000151b0       ??$_AsyncInit@EE@_Task_impl_base@details@Concurrency@@SAXABV?$shared_ptr@U?$_Task_impl@E@details@Concurrency@@@std@@P$AAU?$IAsyncOperation@E@Foundation@Windows@@@Z 100531b0 f i WinRTVFS.obj
 0002:00015300       ??$_AsyncInit@II@_Task_impl_base@details@Concurrency@@SAXABV?$shared_ptr@U?$_Task_impl@I@details@Concurrency@@@std@@P$AAU?$IAsyncOperation@I@Foundation@Windows@@@Z 10053300 f i WinRTVFS.obj
 0002:00015450       ??$_AsyncInit@P$AAUIBuffer@Streams@Storage@Windows@@P$AAU1234@@_Task_impl_base@details@Concurrency@@SAXABV?$shared_ptr@U?$_Task_impl@P$AAUIBuffer@Streams@Storage@Windows@@@details@Concurrency@@@std@@P$AAU?$IAsyncOperation@P$AAUIBuffer@Streams@Storage@Windows@@@Foundation@Windows@@@Z 10053450 f i WinRTVFS.obj
 0002:000155a0       ??$_AsyncInit@P$AAUIRandomAccessStream@Streams@Storage@Windows@@P$AAU1234@@_Task_impl_base@details@Concurrency@@SAXABV?$shared_ptr@U?$_Task_impl@P$AAUIRandomAccessStream@Streams@Storage@Windows@@@details@Concurrency@@@std@@P$AAU?$IAsyncOperation@P$AAUIRandomAccessStream@Streams@Storage@Windows@@@Foundation@Windows@@@Z 100535a0 f i WinRTVFS.obj
 0002:000156f0       ??$_AsyncInit@P$AAVStorageFile@Storage@Windows@@P$AAV123@@_Task_impl_base@details@Concurrency@@SAXABV?$shared_ptr@U?$_Task_impl@P$AAVStorageFile@Storage@Windows@@@details@Concurrency@@@std@@P$AAU?$IAsyncOperation@P$AAVStorageFile@Storage@Windows@@@Foundation@Windows@@@Z 100536f0 f i WinRTVFS.obj
 0002:00015840       ??$_AsyncInit@P$AAVStorageFolder@Storage@Windows@@P$AAV123@@_Task_impl_base@details@Concurrency@@SAXABV?$shared_ptr@U?$_Task_impl@P$AAVStorageFolder@Storage@Windows@@@details@Concurrency@@@std@@P$AAU?$IAsyncOperation@P$AAVStorageFolder@Storage@Windows@@@Foundation@Windows@@@Z 10053840 f i WinRTVFS.obj
 0002:00015990       ??$_AsyncInit@_N_N@_Task_impl_base@details@Concurrency@@SAXABV?$shared_ptr@U?$_Task_impl@_N@details@Concurrency@@@std@@P$AAU?$IAsyncOperation@_N@Foundation@Windows@@@Z 10053990 f i WinRTVFS.obj
 0002:00015ae0       ??$_Copy_impl@PAPAXPAPAX@std@@YAPAPAXPAPAX00@Z 10053ae0 f i WinRTVFS.obj
 0002:00015b60       ??$_Copy_impl@PAPAXPAPAX@std@@YAPAPAXPAPAX00U_Scalar_ptr_iterator_tag@0@@Z 10053b60 f i WinRTVFS.obj
 0002:00015bf0       ??$_Debug_pointer@PAX@std@@YAXPAPAXPB_WI@Z 10053bf0 f i WinRTVFS.obj
 0002:00015c60       ??$_Debug_pointer@PAX@std@@YAXPBQAXPB_WI@Z 10053c60 f i WinRTVFS.obj
 0002:00015cd0       ??$_Debug_pointer@V?$shared_ptr@U?$_Task_impl@E@details@Concurrency@@@std@@@std@@YAXPAV?$shared_ptr@U?$_Task_impl@E@details@Concurrency@@@0@PB_WI@Z 10053cd0 f i WinRTVFS.obj
 0002:00015d40       ??$_Debug_range2@PAPAX@std@@YAXPAPAX0PB_WIUrandom_access_iterator_tag@0@@Z 10053d40 f i WinRTVFS.obj
 0002:00015df0       ??$_Debug_range2@PAV?$shared_ptr@U?$_Task_impl@E@details@Concurrency@@@std@@@std@@YAXPAV?$shared_ptr@U?$_Task_impl@E@details@Concurrency@@@0@0PB_WIUrandom_access_iterator_tag@0@@Z 10053df0 f i WinRTVFS.obj
 0002:00015ea0       ??$_Debug_range2@PBQAX@std@@YAXPBQAX0PB_WIUrandom_access_iterator_tag@0@@Z 10053ea0 f i WinRTVFS.obj
 0002:00015f50       ??$_Debug_range@PAPAX@std@@YAXPAPAX0PB_WI@Z 10053f50 f i WinRTVFS.obj
 0002:00015fd0       ??$_Debug_range@PAV?$shared_ptr@U?$_Task_impl@E@details@Concurrency@@@std@@@std@@YAXPAV?$shared_ptr@U?$_Task_impl@E@details@Concurrency@@@0@0PB_WI@Z 10053fd0 f i WinRTVFS.obj
 0002:00016050       ??$_Debug_range@PBQAX@std@@YAXPBQAX0PB_WI@Z 10054050 f i WinRTVFS.obj
 0002:000160d0       ??$_Destroy_range@U?$_Wrap_alloc@V?$allocator@PAX@std@@@std@@@std@@YAXPAPAX0AAU?$_Wrap_alloc@V?$allocator@PAX@std@@@0@@Z 100540d0 f i WinRTVFS.obj
 0002:00016150       ??$_Destroy_range@U?$_Wrap_alloc@V?$allocator@PAX@std@@@std@@@std@@YAXPAPAX0AAU?$_Wrap_alloc@V?$allocator@PAX@std@@@0@U_Scalar_ptr_iterator_tag@0@@Z 10054150 f i WinRTVFS.obj
 0002:00016180       ??$_Destroy_range@U?$_Wrap_alloc@V?$allocator@V?$shared_ptr@U?$_Task_impl@E@details@Concurrency@@@std@@@std@@@std@@@std@@YAXPAV?$shared_ptr@U?$_Task_impl@E@details@Concurrency@@@0@0AAU?$_Wrap_alloc@V?$allocator@V?$shared_ptr@U?$_Task_impl@E@details@Concurrency@@@std@@@std@@@0@@Z 10054180 f i WinRTVFS.obj
 0002:00016200       ??$_Destroy_range@U?$_Wrap_alloc@V?$allocator@V?$shared_ptr@U?$_Task_impl@E@details@Concurrency@@@std@@@std@@@std@@@std@@YAXPAV?$shared_ptr@U?$_Task_impl@E@details@Concurrency@@@0@0AAU?$_Wrap_alloc@V?$allocator@V?$shared_ptr@U?$_Task_impl@E@details@Concurrency@@@std@@@std@@@0@U_Nonscalar_ptr_iterator_tag@0@@Z 10054200 f i WinRTVFS.obj
 0002:00016270       ??$_Do_alloc@V?$_Func_impl@U?$_Callable_obj@V<lambda_02d862f9cfc639ff7c37ca52d43e6a8c>@@$0A@@std@@V?$allocator@V?$_Func_class@X$$$V@std@@@2@X$$$V@std@@V<lambda_02d862f9cfc639ff7c37ca52d43e6a8c>@@V?$allocator@V?$_Func_class@X$$$V@std@@@2@@?$_Func_class@X$$$V@std@@AAEX$$QAV<lambda_02d862f9cfc639ff7c37ca52d43e6a8c>@@V?$allocator@V?$_Func_class@X$$$V@std@@@1@@Z 10054270 f i WinRTVFS.obj
 0002:000164e0       ??$_Do_alloc@V?$_Func_impl@U?$_Callable_obj@V<lambda_095a938ce4c5765dcc6b67f548aeb9c7>@@$0A@@std@@V?$allocator@V?$_Func_class@X$$$V@std@@@2@X$$$V@std@@V<lambda_095a938ce4c5765dcc6b67f548aeb9c7>@@V?$allocator@V?$_Func_class@X$$$V@std@@@2@@?$_Func_class@X$$$V@std@@AAEX$$QAV<lambda_095a938ce4c5765dcc6b67f548aeb9c7>@@V?$allocator@V?$_Func_class@X$$$V@std@@@1@@Z 100544e0 f i WinRTVFS.obj
 0002:00016750       ??$_Do_alloc@V?$_Func_impl@U?$_Callable_obj@V<lambda_0b7f78ec4ced38495cec46e0d346e0b9>@@$0A@@std@@V?$allocator@V?$_Func_class@X$$$V@std@@@2@X$$$V@std@@V<lambda_0b7f78ec4ced38495cec46e0d346e0b9>@@V?$allocator@V?$_Func_class@X$$$V@std@@@2@@?$_Func_class@X$$$V@std@@AAEX$$QAV<lambda_0b7f78ec4ced38495cec46e0d346e0b9>@@V?$allocator@V?$_Func_class@X$$$V@std@@@1@@Z 10054750 f i WinRTVFS.obj
 0002:000169c0       ??$_Do_alloc@V?$_Func_impl@U?$_Callable_obj@V<lambda_0fe479da16d43edb8e9a254c493d643e>@@$0A@@std@@V?$allocator@V?$_Func_class@X$$$V@std@@@2@X$$$V@std@@V<lambda_0fe479da16d43edb8e9a254c493d643e>@@V?$allocator@V?$_Func_class@X$$$V@std@@@2@@?$_Func_class@X$$$V@std@@AAEX$$QAV<lambda_0fe479da16d43edb8e9a254c493d643e>@@V?$allocator@V?$_Func_class@X$$$V@std@@@1@@Z 100549c0 f i WinRTVFS.obj
 0002:00016c30       ??$_Do_alloc@V?$_Func_impl@U?$_Callable_obj@V<lambda_1a93da980d6fe77644a4eefc4e1ad756>@@$0A@@std@@V?$allocator@V?$_Func_class@XABH@std@@@2@XABH@std@@V<lambda_1a93da980d6fe77644a4eefc4e1ad756>@@V?$allocator@V?$_Func_class@XABH@std@@@2@@?$_Func_class@XABH@std@@AAEX$$QAV<lambda_1a93da980d6fe77644a4eefc4e1ad756>@@V?$allocator@V?$_Func_class@XABH@std@@@1@@Z 10054c30 f i WinRTVFS.obj
 0002:00016ea0       ??$_Do_alloc@V?$_Func_impl@U?$_Callable_obj@V<lambda_295bc5f846209cba149a5e74d0d63a72>@@$0A@@std@@V?$allocator@V?$_Func_class@XPAV?$message@H@Concurrency@@@std@@@2@XPAV?$message@H@Concurrency@@@std@@V<lambda_295bc5f846209cba149a5e74d0d63a72>@@V?$allocator@V?$_Func_class@XPAV?$message@H@Concurrency@@@std@@@2@@?$_Func_class@XPAV?$message@H@Concurrency@@@std@@AAEX$$QAV<lambda_295bc5f846209cba149a5e74d0d63a72>@@V?$allocator@V?$_Func_class@XPAV?$message@H@Concurrency@@@std@@@1@@Z 10054ea0 f i WinRTVFS.obj
 0002:00017110       ??$_Do_alloc@V?$_Func_impl@U?$_Callable_obj@V<lambda_364e75aa895e992ae8821732ca646aa2>@@$0A@@std@@V?$allocator@V?$_Func_class@X$$$V@std@@@2@X$$$V@std@@V<lambda_364e75aa895e992ae8821732ca646aa2>@@V?$allocator@V?$_Func_class@X$$$V@std@@@2@@?$_Func_class@X$$$V@std@@AAEX$$QAV<lambda_364e75aa895e992ae8821732ca646aa2>@@V?$allocator@V?$_Func_class@X$$$V@std@@@1@@Z 10055110 f i WinRTVFS.obj
 0002:00017380       ??$_Do_alloc@V?$_Func_impl@U?$_Callable_obj@V<lambda_39cde079c01d1b5b9307ff255a1ccdd9>@@$0A@@std@@V?$allocator@V?$_Func_class@EE@std@@@2@EE@std@@V<lambda_39cde079c01d1b5b9307ff255a1ccdd9>@@V?$allocator@V?$_Func_class@EE@std@@@2@@?$_Func_class@EE@std@@AAEX$$QAV<lambda_39cde079c01d1b5b9307ff255a1ccdd9>@@V?$allocator@V?$_Func_class@EE@std@@@1@@Z 10055380 f i WinRTVFS.obj
 0002:000175f0       ??$_Do_alloc@V?$_Func_impl@U?$_Callable_obj@V<lambda_528650821c608ced6534641e311542a5>@@$0A@@std@@V?$allocator@V?$_Func_class@X$$$V@std@@@2@X$$$V@std@@V<lambda_528650821c608ced6534641e311542a5>@@V?$allocator@V?$_Func_class@X$$$V@std@@@2@@?$_Func_class@X$$$V@std@@AAEX$$QAV<lambda_528650821c608ced6534641e311542a5>@@V?$allocator@V?$_Func_class@X$$$V@std@@@1@@Z 100555f0 f i WinRTVFS.obj
 0002:00017860       ??$_Do_alloc@V?$_Func_impl@U?$_Callable_obj@V<lambda_579ccd68d569251046038e8620afec85>@@$0A@@std@@V?$allocator@V?$_Func_class@XPAV?$message@H@Concurrency@@@std@@@2@XPAV?$message@H@Concurrency@@@std@@V<lambda_579ccd68d569251046038e8620afec85>@@V?$allocator@V?$_Func_class@XPAV?$message@H@Concurrency@@@std@@@2@@?$_Func_class@XPAV?$message@H@Concurrency@@@std@@AAEX$$QAV<lambda_579ccd68d569251046038e8620afec85>@@V?$allocator@V?$_Func_class@XPAV?$message@H@Concurrency@@@std@@@1@@Z 10055860 f i WinRTVFS.obj
 0002:00017ad0       ??$_Do_alloc@V?$_Func_impl@U?$_Callable_obj@V<lambda_9fc58f08a03183e50e06176727aeb396>@@$0A@@std@@V?$allocator@V?$_Func_class@X$$$V@std@@@2@X$$$V@std@@ABV<lambda_9fc58f08a03183e50e06176727aeb396>@@V?$allocator@V?$_Func_class@X$$$V@std@@@2@@?$_Func_class@X$$$V@std@@AAEXABV<lambda_9fc58f08a03183e50e06176727aeb396>@@V?$allocator@V?$_Func_class@X$$$V@std@@@1@@Z 10055ad0 f i WinRTVFS.obj
 0002:00017d40       ??$_Do_alloc@V?$_Func_impl@U?$_Callable_obj@V<lambda_a66b3ee15e662226a0b0b15ae647d32f>@@$0A@@std@@V?$allocator@V?$_Func_class@X$$$V@std@@@2@X$$$V@std@@V<lambda_a66b3ee15e662226a0b0b15ae647d32f>@@V?$allocator@V?$_Func_class@X$$$V@std@@@2@@?$_Func_class@X$$$V@std@@AAEX$$QAV<lambda_a66b3ee15e662226a0b0b15ae647d32f>@@V?$allocator@V?$_Func_class@X$$$V@std@@@1@@Z 10055d40 f i WinRTVFS.obj
 0002:00017fb0       ??$_Do_alloc@V?$_Func_impl@U?$_Callable_obj@V<lambda_c1a554f2383dae03f169289aed8c4103>@@$0A@@std@@V?$allocator@V?$_Func_class@X$$$V@std@@@2@X$$$V@std@@V<lambda_c1a554f2383dae03f169289aed8c4103>@@V?$allocator@V?$_Func_class@X$$$V@std@@@2@@?$_Func_class@X$$$V@std@@AAEX$$QAV<lambda_c1a554f2383dae03f169289aed8c4103>@@V?$allocator@V?$_Func_class@X$$$V@std@@@1@@Z 10055fb0 f i WinRTVFS.obj
 0002:00018220       ??$_Do_alloc@V?$_Func_impl@U?$_Callable_obj@V<lambda_c28a53003ed51cdfe295a7d756f98c2f>@@$0A@@std@@V?$allocator@V?$_Func_class@XPAV?$message@H@Concurrency@@@std@@@2@XPAV?$message@H@Concurrency@@@std@@V<lambda_c28a53003ed51cdfe295a7d756f98c2f>@@V?$allocator@V?$_Func_class@XPAV?$message@H@Concurrency@@@std@@@2@@?$_Func_class@XPAV?$message@H@Concurrency@@@std@@AAEX$$QAV<lambda_c28a53003ed51cdfe295a7d756f98c2f>@@V?$allocator@V?$_Func_class@XPAV?$message@H@Concurrency@@@std@@@1@@Z 10056220 f i WinRTVFS.obj
 0002:00018490       ??$_Do_alloc@V?$_Func_impl@U?$_Callable_obj@V<lambda_e7ef5f1e4e1eca0ae8efc6086cf9f417>@@$0A@@std@@V?$allocator@V?$_Func_class@X$$$V@std@@@2@X$$$V@std@@V<lambda_e7ef5f1e4e1eca0ae8efc6086cf9f417>@@V?$allocator@V?$_Func_class@X$$$V@std@@@2@@?$_Func_class@X$$$V@std@@AAEX$$QAV<lambda_e7ef5f1e4e1eca0ae8efc6086cf9f417>@@V?$allocator@V?$_Func_class@X$$$V@std@@@1@@Z 10056490 f i WinRTVFS.obj
 0002:00018700       ??$_Fill_n@PAPAXIPAX@std@@YAPAPAXPAPAXIABQAX@Z 10056700 f i WinRTVFS.obj
 0002:00018770       ??$_InvokeBridge@U_TaskProcHandle@details@Concurrency@@@_UnrealizedChore@details@Concurrency@@KAXPAX@Z 10056770 f i WinRTVFS.obj
 0002:000187c0       ??$_IsCallable@P$AAU?$IAsyncOperation@P$AAUIRandomAccessStream@Streams@Storage@Windows@@@Foundation@Windows@@@details@Concurrency@@YA?AU?$integral_constant@_N$0A@@std@@P$AAU?$IAsyncOperation@P$AAUIRandomAccessStream@Streams@Storage@Windows@@@Foundation@Windows@@ZZ 100567c0 f i WinRTVFS.obj
 0002:00018810       ??$_IsCallable@P$AAU?$IAsyncOperation@P$AAVStorageFile@Storage@Windows@@@Foundation@Windows@@@details@Concurrency@@YA?AU?$integral_constant@_N$0A@@std@@P$AAU?$IAsyncOperation@P$AAVStorageFile@Storage@Windows@@@Foundation@Windows@@ZZ 10056810 f i WinRTVFS.obj
 0002:00018860       ??$_IsCallable@P$AAU?$IAsyncOperation@P$AAVStorageFolder@Storage@Windows@@@Foundation@Windows@@@details@Concurrency@@YA?AU?$integral_constant@_N$0A@@std@@P$AAU?$IAsyncOperation@P$AAVStorageFolder@Storage@Windows@@@Foundation@Windows@@ZZ 10056860 f i WinRTVFS.obj
 0002:000188b0       ??$_IsCallable@P$AAU?$IAsyncOperation@_N@Foundation@Windows@@@details@Concurrency@@YA?AU?$integral_constant@_N$0A@@std@@P$AAU?$IAsyncOperation@_N@Foundation@Windows@@ZZ 100568b0 f i WinRTVFS.obj
 0002:00018900       ??$_IsCallable@P$AAU?$IAsyncOperationWithProgress@II@Foundation@Windows@@@details@Concurrency@@YA?AU?$integral_constant@_N$0A@@std@@P$AAU?$IAsyncOperationWithProgress@II@Foundation@Windows@@ZZ 10056900 f i WinRTVFS.obj
 0002:00018950       ??$_IsCallable@P$AAU?$IAsyncOperationWithProgress@P$AAUIBuffer@Streams@Storage@Windows@@I@Foundation@Windows@@@details@Concurrency@@YA?AU?$integral_constant@_N$0A@@std@@P$AAU?$IAsyncOperationWithProgress@P$AAUIBuffer@Streams@Storage@Windows@@I@Foundation@Windows@@ZZ 10056950 f i WinRTVFS.obj
 0002:000189a0       ??$_IsCallable@P$AAUIAsyncAction@Foundation@Windows@@@details@Concurrency@@YA?AU?$integral_constant@_N$0A@@std@@P$AAUIAsyncAction@Foundation@Windows@@ZZ 100569a0 f i WinRTVFS.obj
 0002:000189f0       ??$_IsCallable@V?$task_completion_event@X@Concurrency@@@details@Concurrency@@YA?AU?$integral_constant@_N$0A@@std@@V?$task_completion_event@X@1@ZZ 100569f0 f i WinRTVFS.obj
 0002:00018a60       ??$_Iter_cat@PAPAX@std@@YA?AUrandom_access_iterator_tag@0@ABQAPAX@Z 10056a60 f i WinRTVFS.obj
 0002:00018ae0       ??$_Iter_cat@PAV?$shared_ptr@U?$_Task_impl@E@details@Concurrency@@@std@@@std@@YA?AUrandom_access_iterator_tag@0@ABQAV?$shared_ptr@U?$_Task_impl@E@details@Concurrency@@@0@@Z 10056ae0 f i WinRTVFS.obj
 0002:00018b60       ??$_Iter_cat@PBQAX@std@@YA?AUrandom_access_iterator_tag@0@ABQBQAX@Z 10056b60 f i WinRTVFS.obj
 0002:00018be0       ??$_LogWorkItemAndInvokeUserLambda@V?$function@$$A6AEE@Z@std@@E@?$_ContinuationTaskHandle@XXV<lambda_9fc58f08a03183e50e06176727aeb396>@@U?$integral_constant@_N$0A@@std@@U_TypeSelectorNoAsync@details@Concurrency@@@?$task@E@Concurrency@@QBEE$$QAV?$function@$$A6AEE@Z@std@@$$QAE@Z 10056be0 f i WinRTVFS.obj
 0002:00018d20       ??$_Move@AAK@std@@YA$$QAKAAK@Z 10056d20 f i WinRTVFS.obj
 0002:00018d60       ??$_Move@AAP$AAUIBuffer@Streams@Storage@Windows@@@std@@YA$$QAP$AAUIBuffer@Streams@Storage@Windows@@AAP$AAU1234@@Z 10056d60 f i WinRTVFS.obj
 0002:00018da0       ??$_Move@AAP$AAUIRandomAccessStream@Streams@Storage@Windows@@@std@@YA$$QAP$AAUIRandomAccessStream@Streams@Storage@Windows@@AAP$AAU1234@@Z 10056da0 f i WinRTVFS.obj
 0002:00018de0       ??$_Move@AAPAU?$_Task_completion_event_impl@E@details@Concurrency@@@std@@YA$$QAPAU?$_Task_completion_event_impl@E@details@Concurrency@@AAPAU123@@Z 10056de0 f i WinRTVFS.obj
 0002:00018e20       ??$_Move@AAPAU?$_Task_impl@E@details@Concurrency@@@std@@YA$$QAPAU?$_Task_impl@E@details@Concurrency@@AAPAU123@@Z 10056e20 f i WinRTVFS.obj
 0002:00018e60       ??$_Move@AAPAU?$_Task_impl@I@details@Concurrency@@@std@@YA$$QAPAU?$_Task_impl@I@details@Concurrency@@AAPAU123@@Z 10056e60 f i WinRTVFS.obj
 0002:00018ea0       ??$_Move@AAPAU?$_Task_impl@P$AAUIBuffer@Streams@Storage@Windows@@@details@Concurrency@@@std@@YA$$QAPAU?$_Task_impl@P$AAUIBuffer@Streams@Storage@Windows@@@details@Concurrency@@AAPAU123@@Z 10056ea0 f i WinRTVFS.obj
 0002:00018ee0       ??$_Move@AAPAU?$_Task_impl@P$AAUIRandomAccessStream@Streams@Storage@Windows@@@details@Concurrency@@@std@@YA$$QAPAU?$_Task_impl@P$AAUIRandomAccessStream@Streams@Storage@Windows@@@details@Concurrency@@AAPAU123@@Z 10056ee0 f i WinRTVFS.obj
 0002:00018f20       ??$_Move@AAPAU?$_Task_impl@P$AAVStorageFile@Storage@Windows@@@details@Concurrency@@@std@@YA$$QAPAU?$_Task_impl@P$AAVStorageFile@Storage@Windows@@@details@Concurrency@@AAPAU123@@Z 10056f20 f i WinRTVFS.obj
 0002:00018f60       ??$_Move@AAPAU?$_Task_impl@P$AAVStorageFolder@Storage@Windows@@@details@Concurrency@@@std@@YA$$QAPAU?$_Task_impl@P$AAVStorageFolder@Storage@Windows@@@details@Concurrency@@AAPAU123@@Z 10056f60 f i WinRTVFS.obj
 0002:00018fa0       ??$_Move@AAPAU?$_Task_impl@_N@details@Concurrency@@@std@@YA$$QAPAU?$_Task_impl@_N@details@Concurrency@@AAPAU123@@Z 10056fa0 f i WinRTVFS.obj
 0002:00018fe0       ??$_Move@AAPAU_Container_proxy@std@@@std@@YA$$QAPAU_Container_proxy@0@AAPAU10@@Z 10056fe0 f i WinRTVFS.obj
 0002:00019020       ??$_Move@AAPAU_ExceptionHolder@details@Concurrency@@@std@@YA$$QAPAU_ExceptionHolder@details@Concurrency@@AAPAU123@@Z 10057020 f i WinRTVFS.obj
 0002:00019060       ??$_Move@AAPAUscheduler_interface@Concurrency@@@std@@YA$$QAPAUscheduler_interface@Concurrency@@AAPAU12@@Z 10057060 f i WinRTVFS.obj
 0002:000190a0       ??$_Move@AAPAV?$shared_ptr@U?$_Task_impl@E@details@Concurrency@@@std@@@std@@YA$$QAPAV?$shared_ptr@U?$_Task_impl@E@details@Concurrency@@@0@AAPAV10@@Z 100570a0 f i WinRTVFS.obj
 0002:000190e0       ??$_Move@AAPAV_Ref_count_base@std@@@std@@YA$$QAPAV_Ref_count_base@0@AAPAV10@@Z 100570e0 f i WinRTVFS.obj
 0002:00019120       ??$_Move@AAV?$ComPtr@UIUnknown@@@WRL@Microsoft@@@std@@YA$$QAV?$ComPtr@UIUnknown@@@WRL@Microsoft@@AAV123@@Z 10057120 f i WinRTVFS.obj
[...]
 0005:00000164       __imp_?_Internal_pop_if_present@_Concurrent_queue_base_v4@details@Concurrency@@IAE_NPAX@Z 100e2164     msvcprtd:msvcp120d_app.dll
 0005:00000168       __imp_?_Internal_push@_Concurrent_queue_base_v4@details@Concurrency@@IAEXPBX@Z 100e2168     msvcprtd:msvcp120d_app.dll
 0005:0000016c       __imp_?_Debug_message@std@@YAXPB_W0I@Z 100e216c     msvcprtd:msvcp120d_app.dll
 0005:00000170       __imp_??0_Container_base12@std@@QAE@XZ 100e2170     msvcprtd:msvcp120d_app.dll
 0005:00000174       __imp_??1_Container_base12@std@@QAE@XZ 100e2174     msvcprtd:msvcp120d_app.dll
 0005:00000178       __imp_?_Orphan_all@_Container_base12@std@@QAEXXZ 100e2178     msvcprtd:msvcp120d_app.dll
 0005:0000017c       __imp_?_Xbad_alloc@std@@YAXXZ 100e217c     msvcprtd:msvcp120d_app.dll
 0005:00000180       __imp_?_Xlength_error@std@@YAXPBD@Z 100e2180     msvcprtd:msvcp120d_app.dll
 0005:00000184       __imp_?_Xout_of_range@std@@YAXPBD@Z 100e2184     msvcprtd:msvcp120d_app.dll
 0005:00000188       __imp_?_Syserror_map@std@@YAPBDH@Z 100e2188     msvcprtd:msvcp120d_app.dll
 0005:0000018c       __imp_?_Winerror_map@std@@YAPBDH@Z 100e218c     msvcprtd:msvcp120d_app.dll
 0005:00000190       __imp_??0_Lockit@std@@QAE@H@Z 100e2190     msvcprtd:msvcp120d_app.dll
 0005:00000194       __imp_??1_Lockit@std@@QAE@XZ 100e2194     msvcprtd:msvcp120d_app.dll
 0005:00000198       __imp_?_Getpfirst@_Container_base12@std@@QBEPAPAU_Iterator_base12@2@XZ 100e2198     msvcprtd:msvcp120d_app.dll
 0005:0000019c       __imp_?_Swap_all@_Container_base12@std@@QAEXAAU12@@Z 100e219c     msvcprtd:msvcp120d_app.dll
 0005:000001a0       __imp_??0id@locale@std@@QAE@I@Z 100e21a0     msvcprtd:msvcp120d_app.dll
 0005:000001a4       __imp_?_Xbad_function_call@std@@YAXXZ 100e21a4     msvcprtd:msvcp120d_app.dll
 0005:000001a8       __imp_??0_Concurrent_queue_base_v4@details@Concurrency@@IAE@I@Z 100e21a8     msvcprtd:msvcp120d_app.dll
 0005:000001ac       __imp_??1_Concurrent_queue_base_v4@details@Concurrency@@MAE@XZ 100e21ac     msvcprtd:msvcp120d_app.dll
 0005:000001b0       \177msvcp120d_app_NULL_THUNK_DATA 100e21b0     msvcprtd:msvcp120d_app.dll
 0005:000001ec       __imp__sprintf_s           100e21ec     MSVCRTD:msvcr120d_app.dll
 0005:000001f0       __imp____clean_type_info_names_internal 100e21f0     MSVCRTD:msvcr120d_app.dll
 0005:000001f4       __imp__wcscpy_s            100e21f4     MSVCRTD:msvcr120d_app.dll
 0005:000001f8       __imp___wmakepath_s        100e21f8     MSVCRTD:msvcr120d_app.dll
 0005:000001fc       __imp___wsplitpath_s       100e21fc     MSVCRTD:msvcr120d_app.dll
 0005:00000200       __imp_??0bad_target@Concurrency@@QAE@XZ 100e2200     MSVCRTD:msvcr120d_app.dll
 0005:00000204       __imp___purecall           100e2204     MSVCRTD:msvcr120d_app.dll
 0005:00000208       __imp_??2@YAPAXI@Z         100e2208     MSVCRTD:msvcr120d_app.dll
 0005:0000020c       __imp_??3@YAXPAX@Z         100e220c     MSVCRTD:msvcr120d_app.dll
 0005:00000210       __imp___hypot              100e2210     MSVCRTD:msvcr120d_app.dll
 0005:00000214       __imp__memmove             100e2214     MSVCRTD:msvcr120d_app.dll
 0005:00000218       __imp__memcpy              100e2218     MSVCRTD:msvcr120d_app.dll
 0005:0000021c       __imp__strlen              100e221c     MSVCRTD:msvcr120d_app.dll
 0005:00000220       __imp_??_V@YAXPAX@Z        100e2220     MSVCRTD:msvcr120d_app.dll
 0005:00000224       __imp___CxxThrowException@8 100e2224     MSVCRTD:msvcr120d_app.dll
 0005:00000228       __imp____CxxFrameHandler3  100e2228     MSVCRTD:msvcr120d_app.dll
 0005:0000022c       __imp___invalid_parameter  100e222c     MSVCRTD:msvcr120d_app.dll
 0005:00000230       __imp__free                100e2230     MSVCRTD:msvcr120d_app.dll
 0005:00000234       __imp__malloc              100e2234     MSVCRTD:msvcr120d_app.dll
 0005:00000238       __imp__memset              100e2238     MSVCRTD:msvcr120d_app.dll
 0005:0000023c       __imp_??0exception@std@@QAE@XZ 100e223c     MSVCRTD:msvcr120d_app.dll
 0005:00000240       __imp_??0exception@std@@QAE@ABQBD@Z 100e2240     MSVCRTD:msvcr120d_app.dll
 0005:00000244       __imp_??0exception@std@@QAE@ABQBDH@Z 100e2244     MSVCRTD:msvcr120d_app.dll
 0005:00000248       __imp_??0exception@std@@QAE@ABV01@@Z 100e2248     MSVCRTD:msvcr120d_app.dll
 0005:0000024c       __imp_??1exception@std@@UAE@XZ 100e224c     MSVCRTD:msvcr120d_app.dll
 0005:00000250       __imp_?__ExceptionPtrCreate@@YAXPAX@Z 100e2250     MSVCRTD:msvcr120d_app.dll
 0005:00000254       __imp_?__ExceptionPtrDestroy@@YAXPAX@Z 100e2254     MSVCRTD:msvcr120d_app.dll
 0005:00000258       __imp_?__ExceptionPtrCopy@@YAXPAXPBX@Z 100e2258     MSVCRTD:msvcr120d_app.dll
 0005:0000025c       __imp_?__ExceptionPtrCurrentException@@YAXPAX@Z 100e225c     MSVCRTD:msvcr120d_app.dll
 0005:00000260       __imp_?__ExceptionPtrRethrow@@YAXPBX@Z 100e2260     MSVCRTD:msvcr120d_app.dll
 0005:00000264       __imp___CrtDbgReportW      100e2264     MSVCRTD:msvcr120d_app.dll
 0005:00000268       __imp___wassert            100e2268     MSVCRTD:msvcr120d_app.dll
 0005:0000026c       __imp_?Alloc@Concurrency@@YAPAXI@Z 100e226c     MSVCRTD:msvcr120d_app.dll
 0005:00000270       __imp_?Free@Concurrency@@YAXPAX@Z 100e2270     MSVCRTD:msvcr120d_app.dll
 0005:00000274       __imp_?_Yield@_Context@details@Concurrency@@SAXXZ 100e2274     MSVCRTD:msvcr120d_app.dll
 0005:00000278       __imp_??0_Scheduler@details@Concurrency@@QAE@PAVScheduler@2@@Z 100e2278     MSVCRTD:msvcr120d_app.dll
 0005:0000027c       __imp_?_Reference@_Scheduler@details@Concurrency@@QAEIXZ 100e227c     MSVCRTD:msvcr120d_app.dll
 0005:00000280       __imp_?_Release@_Scheduler@details@Concurrency@@QAEIXZ 100e2280     MSVCRTD:msvcr120d_app.dll
 0005:00000284       __imp_?_GetScheduler@_Scheduler@details@Concurrency@@QAEPAVScheduler@3@XZ 100e2284     MSVCRTD:msvcr120d_app.dll
 0005:00000288       __imp_?_ScheduleTask@_CurrentScheduler@details@Concurrency@@SAXP6AXPAX@Z0@Z 100e2288     MSVCRTD:msvcr120d_app.dll
 0005:0000028c       __imp_?_Get@_CurrentScheduler@details@Concurrency@@SA?AV_Scheduler@23@XZ 100e228c     MSVCRTD:msvcr120d_app.dll
 0005:00000290       __imp_?_UnderlyingYield@details@Concurrency@@YAXXZ 100e2290     MSVCRTD:msvcr120d_app.dll
 0005:00000294       __imp___except_handler4_common 100e2294     MSVCRTD:msvcr120d_app.dll
 0005:00000298       __imp_??0message_not_found@Concurrency@@QAE@XZ 100e2298     MSVCRTD:msvcr120d_app.dll
 0005:0000029c       __imp_??0invalid_link_target@Concurrency@@QAE@PBD@Z 100e229c     MSVCRTD:msvcr120d_app.dll
 0005:000002a0       __imp_??0invalid_operation@Concurrency@@QAE@PBD@Z 100e22a0     MSVCRTD:msvcr120d_app.dll
 0005:000002a4       __imp_??0task_canceled@Concurrency@@QAE@XZ 100e22a4     MSVCRTD:msvcr120d_app.dll
 0005:000002a8       __imp_??0critical_section@Concurrency@@QAE@XZ 100e22a8     MSVCRTD:msvcr120d_app.dll
 0005:000002ac       __imp_??1critical_section@Concurrency@@QAE@XZ 100e22ac     MSVCRTD:msvcr120d_app.dll
 0005:000002b0       __imp_??0scoped_lock@critical_section@Concurrency@@QAE@AAV12@@Z 100e22b0     MSVCRTD:msvcr120d_app.dll
 0005:000002b4       __imp_??1scoped_lock@critical_section@Concurrency@@QAE@XZ 100e22b4     MSVCRTD:msvcr120d_app.dll
 0005:000002b8       __imp_??0event@Concurrency@@QAE@XZ 100e22b8     MSVCRTD:msvcr120d_app.dll
 0005:000002bc       __imp_??1event@Concurrency@@QAE@XZ 100e22bc     MSVCRTD:msvcr120d_app.dll
 0005:000002c0       __imp_?wait@event@Concurrency@@QAEII@Z 100e22c0     MSVCRTD:msvcr120d_app.dll
 0005:000002c4       __imp_?set@event@Concurrency@@QAEXXZ 100e22c4     MSVCRTD:msvcr120d_app.dll
 0005:000002c8       __imp_??0_NonReentrantPPLLock@details@Concurrency@@QAE@XZ 100e22c8     MSVCRTD:msvcr120d_app.dll
 0005:000002cc       __imp_??0_Scoped_lock@_NonReentrantPPLLock@details@Concurrency@@QAE@AAV123@@Z 100e22cc     MSVCRTD:msvcr120d_app.dll
 0005:000002d0       __imp_??1_Scoped_lock@_NonReentrantPPLLock@details@Concurrency@@QAE@XZ 100e22d0     MSVCRTD:msvcr120d_app.dll
 0005:000002d4       __imp_??0_ReentrantPPLLock@details@Concurrency@@QAE@XZ 100e22d4     MSVCRTD:msvcr120d_app.dll
 0005:000002d8       __imp_??0_Scoped_lock@_ReentrantPPLLock@details@Concurrency@@QAE@AAV123@@Z 100e22d8     MSVCRTD:msvcr120d_app.dll
 0005:000002dc       __imp_??1_Scoped_lock@_ReentrantPPLLock@details@Concurrency@@QAE@XZ 100e22dc     MSVCRTD:msvcr120d_app.dll
 0005:000002e0       __imp_?_Schedule@_TaskCollection@details@Concurrency@@QAEXPAV_UnrealizedChore@23@@Z 100e22e0     MSVCRTD:msvcr120d_app.dll
 0005:000002e4       __imp_?_Cancel@_TaskCollection@details@Concurrency@@QAEXXZ 100e22e4     MSVCRTD:msvcr120d_app.dll
 0005:000002e8       __imp_?_RunAndWait@_TaskCollection@details@Concurrency@@QAG?AW4_TaskCollectionStatus@23@PAV_UnrealizedChore@23@@Z 100e22e8     MSVCRTD:msvcr120d_app.dll
 0005:000002ec       __imp_?_GetCurrentInlineDepth@_StackGuard@details@Concurrency@@CAAAIXZ 100e22ec     MSVCRTD:msvcr120d_app.dll
 0005:000002f0       __imp_?_NewCollection@_AsyncTaskCollection@details@Concurrency@@SAPAV123@PAV_CancellationTokenState@23@@Z 100e22f0     MSVCRTD:msvcr120d_app.dll
 0005:000002f4       __imp_?_ReportUnobservedException@details@Concurrency@@YAXXZ 100e22f4     MSVCRTD:msvcr120d_app.dll
 0005:000002f8       __imp_??0_Timer@details@Concurrency@@IAE@I_N@Z 100e22f8     MSVCRTD:msvcr120d_app.dll
 0005:000002fc       __imp_??1_Timer@details@Concurrency@@MAE@XZ 100e22fc     MSVCRTD:msvcr120d_app.dll
 0005:00000300       __imp_?_Start@_Timer@details@Concurrency@@IAEXXZ 100e2300     MSVCRTD:msvcr120d_app.dll
 0005:00000304       __imp_?_Stop@_Timer@details@Concurrency@@IAEXXZ 100e2304     MSVCRTD:msvcr120d_app.dll
 0005:00000308       __imp_?_Trace_agents@Concurrency@@YAXW4Agents_EventType@1@_JZZ 100e2308     MSVCRTD:msvcr120d_app.dll
 0005:0000030c       __imp_?CaptureCallstack@platform@details@Concurrency@@YAIPAPAXII@Z 100e230c     MSVCRTD:msvcr120d_app.dll
 0005:00000310       __imp_?GetCurrentThreadId@platform@details@Concurrency@@YAJXZ 100e2310     MSVCRTD:msvcr120d_app.dll
 0005:00000314       __imp___time64             100e2314     MSVCRTD:msvcr120d_app.dll
 0005:00000318       __imp_??0?$_SpinWait@$00@details@Concurrency@@QAE@P6AXXZ@Z 100e2318     MSVCRTD:msvcr120d_app.dll
 0005:0000031c       __imp_?_SpinOnce@?$_SpinWait@$00@details@Concurrency@@QAE_NXZ 100e231c     MSVCRTD:msvcr120d_app.dll
 0005:00000320       __imp_?what@exception@std@@UBEPBDXZ 100e2320     MSVCRTD:msvcr120d_app.dll
 0005:00000324       __imp__wcscmp              100e2324     MSVCRTD:msvcr120d_app.dll
 0005:00000328       __imp__wcslen              100e2328     MSVCRTD:msvcr120d_app.dll
 0005:0000032c       __imp_?terminate@@YAXXZ    100e232c     MSVCRTD:msvcr120d_app.dll
 0005:00000330       __imp___lock               100e2330     MSVCRTD:msvcr120d_app.dll
 0005:00000334       __imp___unlock             100e2334     MSVCRTD:msvcr120d_app.dll
 0005:00000338       __imp___calloc_dbg         100e2338     MSVCRTD:msvcr120d_app.dll
 0005:0000033c       __imp____dllonexit         100e233c     MSVCRTD:msvcr120d_app.dll
 0005:00000340       __imp___onexit             100e2340     MSVCRTD:msvcr120d_app.dll
 0005:00000344       __imp___CRT_RTC_INITW      100e2344     MSVCRTD:msvcr120d_app.dll
 0005:00000348       __imp_??1type_info@@UAE@XZ 100e2348     MSVCRTD:msvcr120d_app.dll
 0005:0000034c       __imp___except1            100e234c     MSVCRTD:msvcr120d_app.dll
 0005:00000350       __imp____CppXcptFilter     100e2350     MSVCRTD:msvcr120d_app.dll
 0005:00000354       __imp___amsg_exit          100e2354     MSVCRTD:msvcr120d_app.dll
 0005:00000358       __imp___malloc_dbg         100e2358     MSVCRTD:msvcr120d_app.dll
 0005:0000035c       __imp___free_dbg           100e235c     MSVCRTD:msvcr120d_app.dll
 0005:00000360       __imp___CrtSetCheckCount   100e2360     MSVCRTD:msvcr120d_app.dll
 0005:00000364       __imp___initterm           100e2364     MSVCRTD:msvcr120d_app.dll
 0005:00000368       __imp___initterm_e         100e2368     MSVCRTD:msvcr120d_app.dll
 0005:0000036c       \177msvcr120d_app_NULL_THUNK_DATA 100e236c     MSVCRTD:msvcr120d_app.dll
 0005:000003e4       __imp__CoTaskMemFree@4     100e23e4     ole32:ole32.dll
 0005:000003e8       __imp__CoGetObjectContext@8 100e23e8     ole32:ole32.dll
 0005:000003ec       __imp__CoCreateFreeThreadedMarshaler@8 100e23ec     ole32:ole32.dll
 0005:000003f0       __imp__CoTaskMemAlloc@4    100e23f0     ole32:ole32.dll
 0005:000003f4       __imp__CoGetApartmentType@8 100e23f4     ole32:ole32.dll
 0005:000003f8       __imp__CoGetContextToken@4 100e23f8     ole32:ole32.dll
 0005:000003fc       \177ole32_NULL_THUNK_DATA  100e23fc     ole32:ole32.dll
 0005:0000042c       __imp__sqlite3_vfs_register 100e242c     sqlite3:sqlite3.dll
 0005:00000430       \177sqlite3_NULL_THUNK_DATA 100e2430     sqlite3:sqlite3.dll
 0005:0000045c       __imp_?GetActivationFactoryByPCWSTR@@YGJPAXAAVGuid@Platform@@PAPAX@Z 100e245c     vccorlibd:vccorlib120d_app.DLL
 0005:00000460       __imp_?GetIidsFn@@YGJHPAKPBU__s_GUID@@PAPAVGuid@Platform@@@Z 100e2460     vccorlibd:vccorlib120d_app.DLL
 0005:00000464       __imp_?UninitializeData@Details@Platform@@YAXH@Z 100e2464     vccorlibd:vccorlib120d_app.DLL
 0005:00000468       __imp_?InitializeData@Details@Platform@@YAJH@Z 100e2468     vccorlibd:vccorlib120d_app.DLL
 0005:0000046c       __imp_??0GridLength@Xaml@UI@Windows@@QAA@NW4GridUnitType@123@@Z 100e246c     vccorlibd:vccorlib120d_app.DLL
 0005:00000470       __imp_?GetIBoxArrayVtable@Details@Platform@@YGPAXPAX@Z 100e2470     vccorlibd:vccorlib120d_app.DLL
 0005:00000474       __imp_?<Dispose>@String@Platform@@U$AAAXXZ 100e2474     vccorlibd:vccorlib120d_app.DLL
 0005:00000478       __imp_??0Enum@Platform@@Q$AAA@XZ 100e2478     vccorlibd:vccorlib120d_app.DLL
 0005:0000047c       __imp_??0ValueType@Platform@@Q$AAA@XZ 100e247c     vccorlibd:vccorlib120d_app.DLL
 0005:00000480       __imp_?__abi_ObjectToString@__abi_details@@YGP$AAVString@Platform@@P$AAVObject@3@_N@Z 100e2480     vccorlibd:vccorlib120d_app.DLL
 0005:00000484       __imp_?__abi_cast_Object_to_String@__abi_details@@YGP$AAVString@Platform@@_NP$AAVObject@3@@Z 100e2484     vccorlibd:vccorlib120d_app.DLL
 0005:00000488       __imp_?__abi_cast_String_to_Object@__abi_details@@YGP$AAVObject@Platform@@P$AAVString@3@@Z 100e2488     vccorlibd:vccorlib120d_app.DLL
 0005:0000048c       __imp_?ReleaseInContextImpl@Details@Platform@@YGJPAUIUnknown@@0@Z 100e248c     vccorlibd:vccorlib120d_app.DLL
 0005:00000490       __imp_?GetProxyImpl@Details@Platform@@YGJPAUIUnknown@@ABU_GUID@@0PAPAU3@@Z 100e2490     vccorlibd:vccorlib120d_app.DLL
 0005:00000494       __imp_?GetObjectContext@Details@Platform@@YGPAUIUnknown@@XZ 100e2494     vccorlibd:vccorlib120d_app.DLL
 0005:00000498       __imp_?ReCreateException@Exception@Platform@@SAP$AAV12@H@Z 100e2498     vccorlibd:vccorlib120d_app.DLL
 0005:0000049c       __imp_?CreateException@Exception@Platform@@SAP$AAV12@H@Z 100e249c     vccorlibd:vccorlib120d_app.DLL
 0005:000004a0       __imp_??0Exception@Platform@@Q$AAA@HP$AAVString@1@@Z 100e24a0     vccorlibd:vccorlib120d_app.DLL
 0005:000004a4       __imp_??0Delegate@Platform@@Q$AAA@XZ 100e24a4     vccorlibd:vccorlib120d_app.DLL
 0005:000004a8       __imp_?AllocateException@Heap@Details@Platform@@SAPAXII@Z 100e24a8     vccorlibd:vccorlib120d_app.DLL
 0005:000004ac       __imp_?Allocate@Heap@Details@Platform@@SAPAXI@Z 100e24ac     vccorlibd:vccorlib120d_app.DLL
 0005:000004b0       __imp_?AlignedFree@Heap@Details@Platform@@SAXPAX@Z 100e24b0     vccorlibd:vccorlib120d_app.DLL
 0005:000004b4       __imp_?Free@Heap@Details@Platform@@SAXPAX@Z 100e24b4     vccorlibd:vccorlib120d_app.DLL
 0005:000004b8       __imp_?Allocate@Heap@Details@Platform@@SAPAXII@Z 100e24b8     vccorlibd:vccorlib120d_app.DLL
 0005:000004bc       __imp_?ReleaseTarget@ControlBlock@Details@Platform@@AAEXXZ 100e24bc     vccorlibd:vccorlib120d_app.DLL
 0005:000004c0       __imp_??0Object@Platform@@Q$AAA@XZ 100e24c0     vccorlibd:vccorlib120d_app.DLL
 0005:000004c4       __imp_?__abi_translateCurrentException@@YGJ_N@Z 100e24c4     vccorlibd:vccorlib120d_app.DLL
 0005:000004c8       __imp_?__abi_WinRTraiseCOMException@@YGXJ@Z 100e24c8     vccorlibd:vccorlib120d_app.DLL
 0005:000004cc       __imp_?__abi_WinRTraiseObjectDisposedException@@YGXXZ 100e24cc     vccorlibd:vccorlib120d_app.DLL
 0005:000004d0       __imp_?__abi_WinRTraiseDisconnectedException@@YGXXZ 100e24d0     vccorlibd:vccorlib120d_app.DLL
 0005:000004d4       __imp_?__abi_WinRTraiseWrongThreadException@@YGXXZ 100e24d4     vccorlibd:vccorlib120d_app.DLL
 0005:000004d8       __imp_?__abi_WinRTraiseClassNotRegisteredException@@YGXXZ 100e24d8     vccorlibd:vccorlib120d_app.DLL
 0005:000004dc       __imp_?__abi_WinRTraiseChangedStateException@@YGXXZ 100e24dc     vccorlibd:vccorlib120d_app.DLL
 0005:000004e0       __imp_?__abi_WinRTraiseOutOfBoundsException@@YGXXZ 100e24e0     vccorlibd:vccorlib120d_app.DLL
 0005:000004e4       __imp_?__abi_WinRTraiseInvalidArgumentException@@YGXXZ 100e24e4     vccorlibd:vccorlib120d_app.DLL
 0005:000004e8       __imp_?__abi_WinRTraiseOutOfMemoryException@@YGXXZ 100e24e8     vccorlibd:vccorlib120d_app.DLL
 0005:000004ec       __imp_?__abi_WinRTraiseAccessDeniedException@@YGXXZ 100e24ec     vccorlibd:vccorlib120d_app.DLL
 0005:000004f0       __imp_?__abi_WinRTraiseFailureException@@YGXXZ 100e24f0     vccorlibd:vccorlib120d_app.DLL
 0005:000004f4       __imp_?__abi_WinRTraiseOperationCanceledException@@YGXXZ 100e24f4     vccorlibd:vccorlib120d_app.DLL
 0005:000004f8       __imp_?__abi_WinRTraiseNullReferenceException@@YGXXZ 100e24f8     vccorlibd:vccorlib120d_app.DLL
 0005:000004fc       __imp_?__abi_WinRTraiseInvalidCastException@@YGXXZ 100e24fc     vccorlibd:vccorlib120d_app.DLL
 0005:00000500       __imp_?__abi_WinRTraiseNotImplementedException@@YGXXZ 100e2500     vccorlibd:vccorlib120d_app.DLL
 0005:00000504       __imp_?GetActivationFactory@Details@Platform@@YGJPAVModuleBase@1WRL@Microsoft@@PAUHSTRING__@@PAPAUIActivationFactory@@@Z 100e2504     vccorlibd:vccorlib120d_app.DLL
 0005:00000508       __imp_?TerminateModule@Details@Platform@@YG_NPAVModuleBase@1WRL@Microsoft@@@Z 100e2508     vccorlibd:vccorlib120d_app.DLL
 0005:0000050c       \177vccorlib120d_app_NULL_THUNK_DATA 100e250c     vccorlibd:vccorlib120d_app.DLL
 0005:00000558       __IMPORT_DESCRIPTOR_sqlite3 100e2558     sqlite3:sqlite3.dll
 0005:0000056c       __IMPORT_DESCRIPTOR_KERNEL32 100e256c     kernel32:KERNEL32.dll
 0005:00000580       __IMPORT_DESCRIPTOR_vccorlib120d_app 100e2580     vccorlibd:vccorlib120d_app.DLL
 0005:00000594       __IMPORT_DESCRIPTOR_msvcp120d_app 100e2594     msvcprtd:msvcp120d_app.dll
 0005:000005a8       __IMPORT_DESCRIPTOR_msvcr120d_app 100e25a8     MSVCRTD:msvcr120d_app.dll
 0005:000005bc       __IMPORT_DESCRIPTOR_ole32  100e25bc     ole32:ole32.dll
 0005:000005d0       __IMPORT_DESCRIPTOR_api-ms-win-core-winrt-string-l1-1-0 100e25d0     runtimeobject:api-ms-win-core-winrt-string-l1-1-0.dll
 0005:000005e4       __IMPORT_DESCRIPTOR_api-ms-win-core-winrt-error-l1-1-0 100e25e4     runtimeobject:api-ms-win-core-winrt-error-l1-1-0.dll
 0005:000005f8       __IMPORT_DESCRIPTOR_api-ms-win-core-winrt-error-l1-1-1 100e25f8     runtimeobject:api-ms-win-core-winrt-error-l1-1-1.dll
 0005:0000060c       __NULL_IMPORT_DESCRIPTOR   100e260c     sqlite3:sqlite3.dll
 0006:00000000       ___pobjectentryfirst       100e5000     vccorlibd:init.obj
 0006:00000104       ___pobjectentrymid         100e5104     vccorlibd:init.obj
 0006:00000208       _SQLiteWinRTExtensions___WinRTVFSActivationFactory__Entry 100e5208     SQLiteWinRTExtensions.obj
 0006:0000030c       ___pobjectentrylast        100e530c     vccorlibd:init.obj
